Archive member included because of file (symbol)

/opt/Freescale/KDS_v3/toolchain/bin/../lib/gcc/arm-none-eabi/4.8.4/armv7e-m/fpu/libgcc.a(_arm_addsubdf3.o)
                              ./Sources/main.o (__aeabi_dsub)
/opt/Freescale/KDS_v3/toolchain/bin/../lib/gcc/arm-none-eabi/4.8.4/armv7e-m/fpu/libgcc.a(_arm_muldivdf3.o)
                              ./Sources/Events.o (__aeabi_dmul)
/opt/Freescale/KDS_v3/toolchain/bin/../lib/gcc/arm-none-eabi/4.8.4/armv7e-m/fpu/libgcc.a(_arm_cmpdf2.o)
                              ./Sources/Events.o (__aeabi_dcmplt)
/opt/Freescale/KDS_v3/toolchain/bin/../lib/gcc/arm-none-eabi/4.8.4/armv7e-m/fpu/libgcc.a(_arm_fixdfsi.o)
                              ./Sources/main.o (__aeabi_d2iz)
/opt/Freescale/KDS_v3/toolchain/bin/../lib/gcc/arm-none-eabi/4.8.4/armv7e-m/fpu/libgcc.a(_arm_fixunsdfsi.o)
                              ./Sources/Events.o (__aeabi_d2uiz)
/opt/Freescale/KDS_v3/toolchain/bin/../lib/gcc/arm-none-eabi/4.8.4/armv7e-m/fpu/libgcc.a(_arm_truncdfsf2.o)
                              ./Sources/main.o (__aeabi_d2f)
/opt/Freescale/KDS_v3/toolchain/bin/../lib/gcc/arm-none-eabi/4.8.4/../../../../arm-none-eabi/lib/armv7e-m/fpu/libg_s.a(lib_a-atof.o)
                              ./Sources/main.o (atof)
/opt/Freescale/KDS_v3/toolchain/bin/../lib/gcc/arm-none-eabi/4.8.4/../../../../arm-none-eabi/lib/armv7e-m/fpu/libg_s.a(lib_a-exit.o)
                              /opt/Freescale/KDS_v3/toolchain/bin/../lib/gcc/arm-none-eabi/4.8.4/../../../../arm-none-eabi/lib/armv7e-m/fpu/crt0.o (exit)
/opt/Freescale/KDS_v3/toolchain/bin/../lib/gcc/arm-none-eabi/4.8.4/../../../../arm-none-eabi/lib/armv7e-m/fpu/libg_s.a(lib_a-impure.o)
                              /opt/Freescale/KDS_v3/toolchain/bin/../lib/gcc/arm-none-eabi/4.8.4/../../../../arm-none-eabi/lib/armv7e-m/fpu/libg_s.a(lib_a-exit.o) (_global_impure_ptr)
/opt/Freescale/KDS_v3/toolchain/bin/../lib/gcc/arm-none-eabi/4.8.4/../../../../arm-none-eabi/lib/armv7e-m/fpu/libg_s.a(lib_a-init.o)
                              /opt/Freescale/KDS_v3/toolchain/bin/../lib/gcc/arm-none-eabi/4.8.4/../../../../arm-none-eabi/lib/armv7e-m/fpu/crt0.o (__libc_init_array)
/opt/Freescale/KDS_v3/toolchain/bin/../lib/gcc/arm-none-eabi/4.8.4/../../../../arm-none-eabi/lib/armv7e-m/fpu/libg_s.a(lib_a-memcpy-stub.o)
                              ./Sources/MW-AHRSv1.o (memcpy)
/opt/Freescale/KDS_v3/toolchain/bin/../lib/gcc/arm-none-eabi/4.8.4/../../../../arm-none-eabi/lib/armv7e-m/fpu/libg_s.a(lib_a-memset.o)
                              /opt/Freescale/KDS_v3/toolchain/bin/../lib/gcc/arm-none-eabi/4.8.4/../../../../arm-none-eabi/lib/armv7e-m/fpu/crt0.o (memset)
/opt/Freescale/KDS_v3/toolchain/bin/../lib/gcc/arm-none-eabi/4.8.4/../../../../arm-none-eabi/lib/armv7e-m/fpu/libg_s.a(lib_a-strtod.o)
                              /opt/Freescale/KDS_v3/toolchain/bin/../lib/gcc/arm-none-eabi/4.8.4/../../../../arm-none-eabi/lib/armv7e-m/fpu/libg_s.a(lib_a-atof.o) (strtod)
/opt/Freescale/KDS_v3/toolchain/bin/../lib/gcc/arm-none-eabi/4.8.4/../../../../arm-none-eabi/lib/armv7e-m/fpu/libg_s.a(lib_a-strtok.o)
                              ./Sources/main.o (strtok)
/opt/Freescale/KDS_v3/toolchain/bin/../lib/gcc/arm-none-eabi/4.8.4/../../../../arm-none-eabi/lib/armv7e-m/fpu/libg_s.a(lib_a-strtok_r.o)
                              /opt/Freescale/KDS_v3/toolchain/bin/../lib/gcc/arm-none-eabi/4.8.4/../../../../arm-none-eabi/lib/armv7e-m/fpu/libg_s.a(lib_a-strtok.o) (__strtok_r)
/opt/Freescale/KDS_v3/toolchain/bin/../lib/gcc/arm-none-eabi/4.8.4/../../../../arm-none-eabi/lib/armv7e-m/fpu/libg_s.a(lib_a-gdtoa-gethex.o)
                              /opt/Freescale/KDS_v3/toolchain/bin/../lib/gcc/arm-none-eabi/4.8.4/../../../../arm-none-eabi/lib/armv7e-m/fpu/libg_s.a(lib_a-strtod.o) (__gethex)
/opt/Freescale/KDS_v3/toolchain/bin/../lib/gcc/arm-none-eabi/4.8.4/../../../../arm-none-eabi/lib/armv7e-m/fpu/libg_s.a(lib_a-gdtoa-hexnan.o)
                              /opt/Freescale/KDS_v3/toolchain/bin/../lib/gcc/arm-none-eabi/4.8.4/../../../../arm-none-eabi/lib/armv7e-m/fpu/libg_s.a(lib_a-strtod.o) (__hexnan)
/opt/Freescale/KDS_v3/toolchain/bin/../lib/gcc/arm-none-eabi/4.8.4/../../../../arm-none-eabi/lib/armv7e-m/fpu/libg_s.a(lib_a-locale.o)
                              /opt/Freescale/KDS_v3/toolchain/bin/../lib/gcc/arm-none-eabi/4.8.4/../../../../arm-none-eabi/lib/armv7e-m/fpu/libg_s.a(lib_a-strtod.o) (_localeconv_r)
/opt/Freescale/KDS_v3/toolchain/bin/../lib/gcc/arm-none-eabi/4.8.4/../../../../arm-none-eabi/lib/armv7e-m/fpu/libg_s.a(lib_a-malloc.o)
                              /opt/Freescale/KDS_v3/toolchain/bin/../lib/gcc/arm-none-eabi/4.8.4/../../../../arm-none-eabi/lib/armv7e-m/fpu/libg_s.a(lib_a-strtok.o) (malloc)
/opt/Freescale/KDS_v3/toolchain/bin/../lib/gcc/arm-none-eabi/4.8.4/../../../../arm-none-eabi/lib/armv7e-m/fpu/libg_s.a(lib_a-mprec.o)
[...]
Memory Configuration

Name             Origin             Length             Attributes
m_interrupts     0x00000000         0x00000198         xr
m_text           0x00000410         0x000ffbf0         xr
m_data_1FFF0000  0x1fff0000         0x00010000         rw
m_data           0x20000000         0x00030000         rw
m_cfmprotrom     0x00000400         0x00000010         xr
*default*        0x00000000         0xffffffff

Linker script and memory map

LOAD /opt/Freescale/KDS_v3/toolchain/bin/../lib/gcc/arm-none-eabi/4.8.4/armv7e-m/fpu/crti.o
LOAD /opt/Freescale/KDS_v3/toolchain/bin/../lib/gcc/arm-none-eabi/4.8.4/armv7e-m/fpu/crtbegin.o
LOAD /opt/Freescale/KDS_v3/toolchain/bin/../lib/gcc/arm-none-eabi/4.8.4/../../../../arm-none-eabi/lib/armv7e-m/fpu/crt0.o
LOAD ./Static_Code/System/CPU_Init.o
LOAD ./Static_Code/System/Peripherals_Init.o
LOAD ./Static_Code/System/Vectors.o
LOAD ./Static_Code/Peripherals/USB0_Init.o
LOAD ./Static_Code/Peripherals/VREF_Init.o
LOAD ./Sources/Events.o
LOAD ./Sources/MW-AHRSv1.o
LOAD ./Sources/main.o
LOAD ./Sources/pid_control.o
LOAD ./Sources/quad_encoder.o
LOAD ./Project_Settings/Startup_Code/startup.o
LOAD ./Generated_Code/AD1.o
LOAD ./Generated_Code/ASBluetooth.o
LOAD ./Generated_Code/ASDXL.o
LOAD ./Generated_Code/ASerialLdd1.o
LOAD ./Generated_Code/ASerialLdd2.o
LOAD ./Generated_Code/BitIoLdd1.o
LOAD ./Generated_Code/BitIoLdd2.o
LOAD ./Generated_Code/BitIoLdd3.o
LOAD ./Generated_Code/BitIoLdd4.o
LOAD ./Generated_Code/BitIoLdd5.o
LOAD ./Generated_Code/BitIoLdd6.o
LOAD ./Generated_Code/BitIoLdd7.o
LOAD ./Generated_Code/BitIoLdd8.o
LOAD ./Generated_Code/BitIoLdd9.o
LOAD ./Generated_Code/CAN1.o
LOAD ./Generated_Code/CDC1.o
LOAD ./Generated_Code/CS1.o
LOAD ./Generated_Code/Cpu.o
LOAD ./Generated_Code/CsIO1.o
LOAD ./Generated_Code/EInt_M1A.o
LOAD ./Generated_Code/EInt_M1B.o
LOAD ./Generated_Code/EInt_M2A.o
LOAD ./Generated_Code/EInt_M2B.o
LOAD ./Generated_Code/EInt_M3A.o
LOAD ./Generated_Code/EInt_M3B.o
LOAD ./Generated_Code/IO1.o
LOAD ./Generated_Code/KSDK1.o
LOAD ./Generated_Code/LED_BLUE.o
LOAD ./Generated_Code/LED_GREEN.o
LOAD ./Generated_Code/LED_RED.o
LOAD ./Generated_Code/Motor1_Dir_A.o
LOAD ./Generated_Code/Motor1_Dir_B.o
LOAD ./Generated_Code/Motor1_PWM.o
LOAD ./Generated_Code/Motor2_Dir_A.o
LOAD ./Generated_Code/Motor2_Dir_B.o
LOAD ./Generated_Code/Motor2_PWM.o
LOAD ./Generated_Code/Motor3_Dir_A.o
LOAD ./Generated_Code/Motor3_Dir_B.o
LOAD ./Generated_Code/Motor3_PWM.o
LOAD ./Generated_Code/PE_LDD.o
LOAD ./Generated_Code/Pins1.o
LOAD ./Generated_Code/PwmLdd1.o
LOAD ./Generated_Code/PwmLdd2.o
LOAD ./Generated_Code/PwmLdd3.o
LOAD ./Generated_Code/Rx1.o
LOAD ./Generated_Code/TIMotorCtrl.o
LOAD ./Generated_Code/TMOUT1.o
LOAD ./Generated_Code/TU1.o
LOAD ./Generated_Code/TU2.o
LOAD ./Generated_Code/Tx1.o
LOAD ./Generated_Code/USB1.o
LOAD ./Generated_Code/WAIT1.o
LOAD ./Generated_Code/usb_cdc.o
LOAD ./Generated_Code/usb_cdc_pstn.o
LOAD ./Generated_Code/usb_class.o
LOAD ./Generated_Code/usb_dci_kinetis.o
LOAD ./Generated_Code/usb_descriptor.o
LOAD ./Generated_Code/usb_driver.o
LOAD ./Generated_Code/usb_framework.o
LOAD ./Generated_Code/wdt_kinetis.o
LOAD /opt/Freescale/KDS_v3/toolchain/bin/../lib/gcc/arm-none-eabi/4.8.4/../../../../arm-none-eabi/lib/armv7e-m/fpu/libstdc++_s.a
LOAD /opt/Freescale/KDS_v3/toolchain/bin/../lib/gcc/arm-none-eabi/4.8.4/../../../../arm-none-eabi/lib/armv7e-m/fpu/libm.a
START GROUP
LOAD /opt/Freescale/KDS_v3/toolchain/bin/../lib/gcc/arm-none-eabi/4.8.4/armv7e-m/fpu/libgcc.a
LOAD /opt/Freescale/KDS_v3/toolchain/bin/../lib/gcc/arm-none-eabi/4.8.4/../../../../arm-none-eabi/lib/armv7e-m/fpu/libg_s.a
LOAD /opt/Freescale/KDS_v3/toolchain/bin/../lib/gcc/arm-none-eabi/4.8.4/../../../../arm-none-eabi/lib/armv7e-m/fpu/libc_s.a
END GROUP
START GROUP
LOAD /opt/Freescale/KDS_v3/toolchain/bin/../lib/gcc/arm-none-eabi/4.8.4/armv7e-m/fpu/libgcc.a
LOAD /opt/Freescale/KDS_v3/toolchain/bin/../lib/gcc/arm-none-eabi/4.8.4/../../../../arm-none-eabi/lib/armv7e-m/fpu/libc_s.a
LOAD /opt/Freescale/KDS_v3/toolchain/bin/../lib/gcc/arm-none-eabi/4.8.4/../../../../arm-none-eabi/lib/armv7e-m/fpu/libnosys.a
END GROUP
START GROUP
LOAD /opt/Freescale/KDS_v3/toolchain/bin/../lib/gcc/arm-none-eabi/4.8.4/armv7e-m/fpu/libgcc.a
LOAD /opt/Freescale/KDS_v3/toolchain/bin/../lib/gcc/arm-none-eabi/4.8.4/../../../../arm-none-eabi/lib/armv7e-m/fpu/libc_s.a
LOAD /opt/Freescale/KDS_v3/toolchain/bin/../lib/gcc/arm-none-eabi/4.8.4/../../../../arm-none-eabi/lib/armv7e-m/fpu/libnosys.a
END GROUP
LOAD /opt/Freescale/KDS_v3/toolchain/bin/../lib/gcc/arm-none-eabi/4.8.4/armv7e-m/fpu/crtend.o
LOAD /opt/Freescale/KDS_v3/toolchain/bin/../lib/gcc/arm-none-eabi/4.8.4/armv7e-m/fpu/crtn.o
                0x20030000                _estack = 0x20030000
                0x20030000                __SP_INIT = _estack
                0x20030000                __stack = _estack
                0x00000000                __heap_size = 0x0
                0x00000400                __stack_size = 0x400

.interrupts     0x00000000      0x198
                0x00000000                __vector_table = .
                0x00000000                . = ALIGN (0x4)
 *(.vectortable)
 .vectortable   0x00000000      0x198 ./Static_Code/System/Vectors.o
                0x00000000                __vect_table
                0x00000198                . = ALIGN (0x4)

.cfmprotect     0x00000400        0x0
                0x00000400                . = ALIGN (0x4)
 *(.cfmconfig)
                0x00000400                . = ALIGN (0x4)

.text           0x00000410     0xb06c
                0x00000410                . = ALIGN (0x4)
 *(.text)
 .text          0x00000410       0x54 /opt/Freescale/KDS_v3/toolchain/bin/../lib/gcc/arm-none-eabi/4.8.4/armv7e-m/fpu/crtbegin.o
 .text          0x00000464       0x74 /opt/Freescale/KDS_v3/toolchain/bin/../lib/gcc/arm-none-eabi/4.8.4/../../../../arm-none-eabi/lib/armv7e-m/fpu/crt0.o
                0x00000464                _mainCRTStartup
                0x00000464                _start
 .text          0x000004d8      0x370 /opt/Freescale/KDS_v3/toolchain/bin/../lib/gcc/arm-none-eabi/4.8.4/armv7e-m/fpu/libgcc.a(_arm_addsubdf3.o)
                0x000004d8                __aeabi_drsub
                0x000004e0                __aeabi_dsub
                0x000004e0                __subdf3
                0x000004e4                __adddf3
                0x000004e4                __aeabi_dadd
                0x0000075c                __aeabi_ui2d
                0x0000075c                __floatunsidf
                0x0000077c                __floatsidf
                0x0000077c                __aeabi_i2d
                0x000007a0                __extendsfdf2
                0x000007a0                __aeabi_f2d
                0x000007dc                __aeabi_ul2d
                0x000007dc                __floatundidf
                0x000007ec                __floatdidf
                0x000007ec                __aeabi_l2d
 .text          0x00000848      0x424 /opt/Freescale/KDS_v3/toolchain/bin/../lib/gcc/arm-none-eabi/4.8.4/armv7e-m/fpu/libgcc.a(_arm_muldivdf3.o)
                0x00000848                __aeabi_dmul
                0x00000848                __muldf3
                0x00000a9c                __aeabi_ddiv
                0x00000a9c                __divdf3
 .text          0x00000c6c      0x110 /opt/Freescale/KDS_v3/toolchain/bin/../lib/gcc/arm-none-eabi/4.8.4/armv7e-m/fpu/libgcc.a(_arm_cmpdf2.o)
                0x00000c6c                __gtdf2
                0x00000c6c                __gedf2
                0x00000c74                __ltdf2
                0x00000c74                __ledf2
                0x00000c7c                __cmpdf2
                0x00000c7c                __eqdf2
                0x00000c7c                __nedf2
                0x00000cf8                __aeabi_cdrcmple
                0x00000d08                __aeabi_cdcmple
                0x00000d08                __aeabi_cdcmpeq
                0x00000d18                __aeabi_dcmpeq
                0x00000d2c                __aeabi_dcmplt
                0x00000d40                __aeabi_dcmple
                0x00000d54                __aeabi_dcmpge
                0x00000d68                __aeabi_dcmpgt
 .text          0x00000d7c       0x50 /opt/Freescale/KDS_v3/toolchain/bin/../lib/gcc/arm-none-eabi/4.8.4/armv7e-m/fpu/libgcc.a(_arm_fixdfsi.o)
                0x00000d7c                __fixdfsi
                0x00000d7c                __aeabi_d2iz
 .text          0x00000dcc       0x40 /opt/Freescale/KDS_v3/toolchain/bin/../lib/gcc/arm-none-eabi/4.8.4/armv7e-m/fpu/libgcc.a(_arm_fixunsdfsi.o)
                0x00000dcc                __fixunsdfsi
                0x00000dcc                __aeabi_d2uiz
 .text          0x00000e0c       0xa0 /opt/Freescale/KDS_v3/toolchain/bin/../lib/gcc/arm-none-eabi/4.8.4/armv7e-m/fpu/libgcc.a(_arm_truncdfsf2.o)
                0x00000e0c                __aeabi_d2f
                0x00000e0c                __truncdfsf2
 *(.text*)
 .text.CPU_SetBASEPRI
                0x00000eac       0x18 ./Static_Code/System/CPU_Init.o
                0x00000eac                CPU_SetBASEPRI
 .text.__init_hardware
                0x00000ec4       0xdc ./Static_Code/System/CPU_Init.o
                0x00000ec4                __init_hardware
 .text.PE_low_level_init
                0x00000fa0       0x18 ./Static_Code/System/CPU_Init.o
                0x00000fa0                PE_low_level_init
 .text.CPU_GetClockGenMode
                0x00000fb8       0x90 ./Static_Code/System/CPU_Init.o
                0x00000fb8                CPU_GetClockGenMode
 .text.CPU_SetClockConfigGenMode
                0x00001048      0x54c ./Static_Code/System/CPU_Init.o
                0x00001048                CPU_SetClockConfigGenMode
 .text.Peripherals_Init
                0x00001594       0x10 ./Static_Code/System/Peripherals_Init.o
                0x00001594                Peripherals_Init
 .text.UnhandledInterrupt
                0x000015a4       0x18 ./Static_Code/System/Vectors.o
                0x000015a4                UnhandledInterrupt
 .text.USB0_Init
                0x000015bc      0x174 ./Static_Code/Peripherals/USB0_Init.o
                0x000015bc                USB0_Init
 .text.VREF_Init
                0x00001730       0x18 ./Static_Code/Peripherals/VREF_Init.o
                0x00001730                VREF_Init
 .text.Cpu_OnNMI
                0x00001748        0xc ./Sources/Events.o
                0x00001748                Cpu_OnNMI
 .text.EInt_M3B_OnInterrupt
                0x00001754       0x2c ./Sources/Events.o
                0x00001754                EInt_M3B_OnInterrupt
 .text.EInt_M3A_OnInterrupt
                0x00001780       0x2c ./Sources/Events.o
                0x00001780                EInt_M3A_OnInterrupt
 .text.EInt_M2B_OnInterrupt
                0x000017ac       0x2c ./Sources/Events.o
                0x000017ac                EInt_M2B_OnInterrupt
 .text.EInt_M2A_OnInterrupt
                0x000017d8       0x2c ./Sources/Events.o
                0x000017d8                EInt_M2A_OnInterrupt
 .text.EInt_M1B_OnInterrupt
                0x00001804       0x28 ./Sources/Events.o
                0x00001804                EInt_M1B_OnInterrupt
 .text.EInt_M1A_OnInterrupt
                0x0000182c       0x28 ./Sources/Events.o
                0x0000182c                EInt_M1A_OnInterrupt
 .text.AD1_OnMeasurementComplete
                0x00001854       0x6c ./Sources/Events.o
                0x00001854                AD1_OnMeasurementComplete
 .text.TIMotorCtrl_OnInterrupt
                0x000018c0      0x220 ./Sources/Events.o
                0x000018c0                TIMotorCtrl_OnInterrupt
 .text.CAN1_OnFreeTxBuffer
                0x00001ae0       0x20 ./Sources/Events.o
                0x00001ae0                CAN1_OnFreeTxBuffer
 .text.CAN1_OnFullRxBuffer
                0x00001b00       0x20 ./Sources/Events.o
                0x00001b00                CAN1_OnFullRxBuffer
 .text.ASDXL_OnError
                0x00001b20        0xc ./Sources/Events.o
                0x00001b20                ASDXL_OnError
 .text.ASDXL_OnRxChar
                0x00001b2c        0xc ./Sources/Events.o
                0x00001b2c                ASDXL_OnRxChar
 .text.ASDXL_OnTxChar
                0x00001b38        0xc ./Sources/Events.o
                0x00001b38                ASDXL_OnTxChar
 .text.ASDXL_OnFullRxBuf
                0x00001b44        0xc ./Sources/Events.o
                0x00001b44                ASDXL_OnFullRxBuf
 .text.ASDXL_OnFreeTxBuf
                0x00001b50        0xc ./Sources/Events.o
                0x00001b50                ASDXL_OnFreeTxBuf
 .text.mw_ahrs_input_data
                0x00001b5c      0x2e0 ./Sources/MW-AHRSv1.o
                0x00001b5c                mw_ahrs_input_data
 .text.mw_ahrs_set_data_type
                0x00001e3c       0x78 ./Sources/MW-AHRSv1.o
                0x00001e3c                mw_ahrs_set_data_type
 .text.mw_ahrs_set_period
                0x00001eb4       0x68 ./Sources/MW-AHRSv1.o
                0x00001eb4                mw_ahrs_set_period
 .text.main     0x00001f1c       0xfc ./Sources/main.o
                0x00001f1c                main
 .text.CAN_Loop
                0x00002018       0x1c ./Sources/main.o
                0x00002018                CAN_Loop
 *fill*         0x00002034        0x4 
 .text.USB_CDC_Loop
                0x00002038      0x1b0 ./Sources/main.o
                0x00002038                USB_CDC_Loop
 .text.Omni_Drive
                0x000021e8      0x188 ./Sources/main.o
                0x000021e8                Omni_Drive
 .text.Motor_Control
                0x00002370      0x1c0 ./Sources/main.o
                0x00002370                Motor_Control
 .text.Motor_Init
                0x00002530      0x188 ./Sources/main.o
                0x00002530                Motor_Init
 .text.ADC_Init
                0x000026b8       0x28 ./Sources/main.o
                0x000026b8                ADC_Init
 .text.CAN_Init
                0x000026e0       0x54 ./Sources/main.o
                0x000026e0                CAN_Init
 .text.wait_ms  0x00002734       0x28 ./Sources/main.o
                0x00002734                wait_ms
 .text.CAN_Write
                0x0000275c       0x50 ./Sources/main.o
                0x0000275c                CAN_Write
 .text.CAN_Read
                0x000027ac       0x3c ./Sources/main.o
                0x000027ac                CAN_Read
 .text.dxl_write
                0x000027e8      0x128 ./Sources/main.o
                0x000027e8                dxl_write
 .text.pi_control_init
                0x00002910       0x78 ./Sources/pid_control.o
                0x00002910                pi_control_init
 .text.pi_control_loop
                0x00002988      0x164 ./Sources/pid_control.o
                0x00002988                pi_control_loop
 .text.quad_decoding
                0x00002aec       0x74 ./Sources/quad_encoder.o
                0x00002aec                quad_decoding
 .text.__copy_rom_section
                0x00002b60       0xe4 ./Project_Settings/Startup_Code/startup.o
                0x00002b60                __copy_rom_section
 .text.__copy_rom_sections_to_ram
                0x00002c44       0x9c ./Project_Settings/Startup_Code/startup.o
                0x00002c44                __copy_rom_sections_to_ram
 .text.__init_registers
                0x00002ce0       0x20 ./Project_Settings/Startup_Code/startup.o
                0x00002ce0                __init_registers
 .text.__init_user
                0x00002d00        0xc ./Project_Settings/Startup_Code/startup.o
                0x00002d00                __init_user
 .text.__thumb_startup
                0x00002d0c       0x34 ./Project_Settings/Startup_Code/startup.o
                0x00002d0c                __thumb_startup
 .text.AD1_Init
                0x00002d40      0x114 ./Generated_Code/AD1.o
                0x00002d40                AD1_Init
 .text.AD1_StartSingleMeasurement
                0x00002e54       0x5c ./Generated_Code/AD1.o
                0x00002e54                AD1_StartSingleMeasurement
 .text.AD1_CreateSampleGroup
                0x00002eb0       0x80 ./Generated_Code/AD1.o
                0x00002eb0                AD1_CreateSampleGroup
 .text.AD1_MeasurementCompleteInterrupt
                0x00002f30       0x38 ./Generated_Code/AD1.o
                0x00002f30                AD1_MeasurementCompleteInterrupt
 .text.HWEnDi   0x00002f68       0x1c ./Generated_Code/ASBluetooth.o
 .text.ASBluetooth_Init
                0x00002f84       0x24 ./Generated_Code/ASBluetooth.o
                0x00002f84                ASBluetooth_Init
 .text.HWEnDi   0x00002fa8       0x1c ./Generated_Code/ASDXL.o
 .text.ASDXL_SendBlock
                0x00002fc4      0x140 ./Generated_Code/ASDXL.o
                0x00002fc4                ASDXL_SendBlock
 .text.ASDXL_Init
                0x00003104       0x60 ./Generated_Code/ASDXL.o
                0x00003104                ASDXL_Init
 .text.ASerialLdd2_OnBlockReceived
                0x00003164       0xc4 ./Generated_Code/ASDXL.o
                0x00003164                ASerialLdd2_OnBlockReceived
 .text.ASerialLdd2_OnBlockSent
                0x00003228       0xd4 ./Generated_Code/ASDXL.o
                0x00003228                ASerialLdd2_OnBlockSent
 .text.ASerialLdd2_OnError
                0x000032fc       0x9c ./Generated_Code/ASDXL.o
                0x000032fc                ASerialLdd2_OnError
 .text.ASerialLdd2_OnBreak
                0x00003398       0x24 ./Generated_Code/ASDXL.o
                0x00003398                ASerialLdd2_OnBreak
 .text.ASerialLdd1_Init
                0x000033bc      0x178 ./Generated_Code/ASerialLdd1.o
                0x000033bc                ASerialLdd1_Init
 .text.ASerialLdd1_ReceiveBlock
                0x00003534       0x48 ./Generated_Code/ASerialLdd1.o
                0x00003534                ASerialLdd1_ReceiveBlock
 .text.ASerialLdd2_Init
                0x0000357c      0x1d8 ./Generated_Code/ASerialLdd2.o
                0x0000357c                ASerialLdd2_Init
 .text.ASerialLdd2_ReceiveBlock
                0x00003754       0x90 ./Generated_Code/ASerialLdd2.o
                0x00003754                ASerialLdd2_ReceiveBlock
 .text.ASerialLdd2_SendBlock
                0x000037e4       0xbc ./Generated_Code/ASerialLdd2.o
                0x000037e4                ASerialLdd2_SendBlock
 .text.InterruptRx
                0x000038a0       0x58 ./Generated_Code/ASerialLdd2.o
 .text.InterruptTx
                0x000038f8       0x80 ./Generated_Code/ASerialLdd2.o
 .text.ASerialLdd2_Interrupt
                0x00003978       0xf4 ./Generated_Code/ASerialLdd2.o
                0x00003978                ASerialLdd2_Interrupt
 .text.ASerialLdd2_GetError
                0x00003a6c       0x70 ./Generated_Code/ASerialLdd2.o
                0x00003a6c                ASerialLdd2_GetError
 .text.BitIoLdd1_Init
                0x00003adc       0x80 ./Generated_Code/BitIoLdd1.o
                0x00003adc                BitIoLdd1_Init
 .text.BitIoLdd1_PutVal
                0x00003b5c       0x30 ./Generated_Code/BitIoLdd1.o
                0x00003b5c                BitIoLdd1_PutVal
 .text.BitIoLdd2_Init
                0x00003b8c       0x80 ./Generated_Code/BitIoLdd2.o
                0x00003b8c                BitIoLdd2_Init
 .text.BitIoLdd2_PutVal
                0x00003c0c       0x30 ./Generated_Code/BitIoLdd2.o
                0x00003c0c                BitIoLdd2_PutVal
 .text.BitIoLdd3_Init
                0x00003c3c       0x80 ./Generated_Code/BitIoLdd3.o
                0x00003c3c                BitIoLdd3_Init
 .text.BitIoLdd3_PutVal
                0x00003cbc       0x30 ./Generated_Code/BitIoLdd3.o
                0x00003cbc                BitIoLdd3_PutVal
 .text.BitIoLdd4_Init
                0x00003cec       0x80 ./Generated_Code/BitIoLdd4.o
                0x00003cec                BitIoLdd4_Init
 .text.BitIoLdd4_PutVal
                0x00003d6c       0x30 ./Generated_Code/BitIoLdd4.o
                0x00003d6c                BitIoLdd4_PutVal
 .text.BitIoLdd5_Init
                0x00003d9c       0x80 ./Generated_Code/BitIoLdd5.o
                0x00003d9c                BitIoLdd5_Init
 .text.BitIoLdd5_PutVal
                0x00003e1c       0x34 ./Generated_Code/BitIoLdd5.o
                0x00003e1c                BitIoLdd5_PutVal
 .text.BitIoLdd6_Init
                0x00003e50       0x80 ./Generated_Code/BitIoLdd6.o
                0x00003e50                BitIoLdd6_Init
 .text.BitIoLdd6_PutVal
                0x00003ed0       0x34 ./Generated_Code/BitIoLdd6.o
                0x00003ed0                BitIoLdd6_PutVal
 .text.BitIoLdd7_Init
                0x00003f04       0x80 ./Generated_Code/BitIoLdd7.o
                0x00003f04                BitIoLdd7_Init
 .text.BitIoLdd7_PutVal
                0x00003f84       0x34 ./Generated_Code/BitIoLdd7.o
                0x00003f84                BitIoLdd7_PutVal
 .text.BitIoLdd8_Init
                0x00003fb8       0x80 ./Generated_Code/BitIoLdd8.o
                0x00003fb8                BitIoLdd8_Init
 .text.BitIoLdd8_PutVal
                0x00004038       0x34 ./Generated_Code/BitIoLdd8.o
                0x00004038                BitIoLdd8_PutVal
 .text.BitIoLdd9_Init
                0x0000406c       0x80 ./Generated_Code/BitIoLdd9.o
                0x0000406c                BitIoLdd9_Init
 .text.BitIoLdd9_PutVal
                0x000040ec       0x34 ./Generated_Code/BitIoLdd9.o
                0x000040ec                BitIoLdd9_PutVal
 .text.CAN1_Init
                0x00004120      0x308 ./Generated_Code/CAN1.o
                0x00004120                CAN1_Init
 .text.CAN1_SetRxBufferID
                0x00004428       0xdc ./Generated_Code/CAN1.o
                0x00004428                CAN1_SetRxBufferID
 .text.CAN1_SendFrame
                0x00004504      0x378 ./Generated_Code/CAN1.o
                0x00004504                CAN1_SendFrame
 .text.CAN1_ReadFrame
                0x0000487c      0x21c ./Generated_Code/CAN1.o
                0x0000487c                CAN1_ReadFrame
 .text.CAN1_InterruptError
                0x00004a98       0x40 ./Generated_Code/CAN1.o
                0x00004a98                CAN1_InterruptError
 .text.CAN1_InterruptBusOff
                0x00004ad8       0x3c ./Generated_Code/CAN1.o
                0x00004ad8                CAN1_InterruptBusOff
 .text.CAN1_InterruptRxTx
                0x00004b14       0xd0 ./Generated_Code/CAN1.o
                0x00004b14                CAN1_InterruptRxTx
 .text.CAN1_InterruptTxWarn
                0x00004be4       0x3c ./Generated_Code/CAN1.o
                0x00004be4                CAN1_InterruptTxWarn
 .text.CAN1_InterruptRxWarn
                0x00004c20       0x3c ./Generated_Code/CAN1.o
                0x00004c20                CAN1_InterruptRxWarn
 .text.CAN1_InterruptWakeUp
                0x00004c5c       0x3c ./Generated_Code/CAN1.o
                0x00004c5c                CAN1_InterruptWakeUp
 .text.CDC1_GetCharsInRxBuf
                0x00004c98       0x1c ./Generated_Code/CDC1.o
                0x00004c98                CDC1_GetCharsInRxBuf
 .text.CDC1_RecvChar
                0x00004cb4       0x20 ./Generated_Code/CDC1.o
                0x00004cb4                CDC1_RecvChar
 .text.CDC1_App_Callback
                0x00004cd4       0xc8 ./Generated_Code/CDC1.o
                0x00004cd4                CDC1_App_Callback
 .text.CDC1_Notify_Callback
                0x00004d9c       0x4c ./Generated_Code/CDC1.o
                0x00004d9c                CDC1_Notify_Callback
 .text.CDC1_RunUsbEngine
                0x00004de8        0xc ./Generated_Code/CDC1.o
                0x00004de8                CDC1_RunUsbEngine
 .text.CDC1_SendDataBlock
                0x00004df4       0x7c ./Generated_Code/CDC1.o
                0x00004df4                CDC1_SendDataBlock
 .text.CDC1_App_Task
                0x00004e70       0xa8 ./Generated_Code/CDC1.o
                0x00004e70                CDC1_App_Task
 .text.CDC1_Init
                0x00004f18       0x5c ./Generated_Code/CDC1.o
                0x00004f18                CDC1_Init
 .text.Common_Init
                0x00004f74       0x68 ./Generated_Code/Cpu.o
                0x00004f74                Common_Init
 .text.Components_Init
                0x00004fdc       0x98 ./Generated_Code/Cpu.o
                0x00004fdc                Components_Init
 .text.Cpu_ivINT_PORTC
                0x00005074       0x30 ./Generated_Code/Cpu.o
                0x00005074                Cpu_ivINT_PORTC
 .text.Cpu_INT_NMIInterrupt
                0x000050a4       0x1c ./Generated_Code/Cpu.o
                0x000050a4                Cpu_INT_NMIInterrupt
 .text.EInt_M1A_Init
                0x000050c0       0x9c ./Generated_Code/EInt_M1A.o
                0x000050c0                EInt_M1A_Init
 .text.EInt_M1A_Interrupt
                0x0000515c       0x3c ./Generated_Code/EInt_M1A.o
                0x0000515c                EInt_M1A_Interrupt
 .text.EInt_M1A_GetVal
                0x00005198       0x2c ./Generated_Code/EInt_M1A.o
                0x00005198                EInt_M1A_GetVal
 .text.EInt_M1B_Init
                0x000051c4       0x9c ./Generated_Code/EInt_M1B.o
                0x000051c4                EInt_M1B_Init
 .text.EInt_M1B_Interrupt
                0x00005260       0x3c ./Generated_Code/EInt_M1B.o
                0x00005260                EInt_M1B_Interrupt
 .text.EInt_M1B_GetVal
                0x0000529c       0x2c ./Generated_Code/EInt_M1B.o
                0x0000529c                EInt_M1B_GetVal
 .text.EInt_M2A_Init
                0x000052c8       0x9c ./Generated_Code/EInt_M2A.o
                0x000052c8                EInt_M2A_Init
 .text.EInt_M2A_Interrupt
                0x00005364       0x3c ./Generated_Code/EInt_M2A.o
                0x00005364                EInt_M2A_Interrupt
 .text.EInt_M2A_GetVal
                0x000053a0       0x2c ./Generated_Code/EInt_M2A.o
                0x000053a0                EInt_M2A_GetVal
 .text.EInt_M2B_Init
                0x000053cc       0x9c ./Generated_Code/EInt_M2B.o
                0x000053cc                EInt_M2B_Init
 .text.EInt_M2B_Interrupt
                0x00005468       0x3c ./Generated_Code/EInt_M2B.o
                0x00005468                EInt_M2B_Interrupt
 .text.EInt_M2B_GetVal
                0x000054a4       0x2c ./Generated_Code/EInt_M2B.o
                0x000054a4                EInt_M2B_GetVal
 .text.EInt_M3A_Init
                0x000054d0       0x9c ./Generated_Code/EInt_M3A.o
                0x000054d0                EInt_M3A_Init
 .text.EInt_M3A_Interrupt
                0x0000556c       0x3c ./Generated_Code/EInt_M3A.o
                0x0000556c                EInt_M3A_Interrupt
 .text.EInt_M3A_GetVal
                0x000055a8       0x2c ./Generated_Code/EInt_M3A.o
                0x000055a8                EInt_M3A_GetVal
 .text.EInt_M3B_Init
                0x000055d4       0x9c ./Generated_Code/EInt_M3B.o
                0x000055d4                EInt_M3B_Init
 .text.EInt_M3B_Interrupt
                0x00005670       0x3c ./Generated_Code/EInt_M3B.o
                0x00005670                EInt_M3B_Interrupt
 .text.EInt_M3B_GetVal
                0x000056ac       0x2c ./Generated_Code/EInt_M3B.o
                0x000056ac                EInt_M3B_GetVal
 .text.IO1_Init
                0x000056d8      0x174 ./Generated_Code/IO1.o
                0x000056d8                IO1_Init
 .text.PwmLdd1_Init
                0x0000584c       0x54 ./Generated_Code/PwmLdd1.o
                0x0000584c                PwmLdd1_Init
 .text.PwmLdd1_SetRatio16
                0x000058a0       0x28 ./Generated_Code/PwmLdd1.o
                0x000058a0                PwmLdd1_SetRatio16
 .text.SetRatio
                0x000058c8       0x54 ./Generated_Code/PwmLdd1.o
 .text.PwmLdd2_Init
                0x0000591c       0x54 ./Generated_Code/PwmLdd2.o
                0x0000591c                PwmLdd2_Init
 .text.PwmLdd2_SetRatio16
                0x00005970       0x28 ./Generated_Code/PwmLdd2.o
                0x00005970                PwmLdd2_SetRatio16
 .text.SetRatio
                0x00005998       0x54 ./Generated_Code/PwmLdd2.o
 .text.PwmLdd3_Init
                0x000059ec       0x54 ./Generated_Code/PwmLdd3.o
                0x000059ec                PwmLdd3_Init
 .text.PwmLdd3_SetRatio16
                0x00005a40       0x28 ./Generated_Code/PwmLdd3.o
                0x00005a40                PwmLdd3_SetRatio16
 .text.SetRatio
                0x00005a68       0x54 ./Generated_Code/PwmLdd3.o
 .text.Rx1_Put  0x00005abc       0x74 ./Generated_Code/Rx1.o
                0x00005abc                Rx1_Put
 .text.Rx1_Get  0x00005b30       0x74 ./Generated_Code/Rx1.o
                0x00005b30                Rx1_Get
 .text.Rx1_NofElements
                0x00005ba4       0x18 ./Generated_Code/Rx1.o
                0x00005ba4                Rx1_NofElements
 .text.Rx1_Init
                0x00005bbc       0x2c ./Generated_Code/Rx1.o
                0x00005bbc                Rx1_Init
 .text.TIMotorCtrl_Init
                0x00005be8       0x78 ./Generated_Code/TIMotorCtrl.o
                0x00005be8                TIMotorCtrl_Init
 .text.TU2_OnChannel0
                0x00005c60       0x5c ./Generated_Code/TIMotorCtrl.o
                0x00005c60                TU2_OnChannel0
 .text.TMOUT1_GetCounter
                0x00005cbc       0x7c ./Generated_Code/TMOUT1.o
                0x00005cbc                TMOUT1_GetCounter
 .text.TMOUT1_LeaveCounter
                0x00005d38       0x44 ./Generated_Code/TMOUT1.o
                0x00005d38                TMOUT1_LeaveCounter
 .text.TMOUT1_CounterExpired
                0x00005d7c       0x48 ./Generated_Code/TMOUT1.o
                0x00005d7c                TMOUT1_CounterExpired
 .text.TMOUT1_Init
                0x00005dc4       0x3c ./Generated_Code/TMOUT1.o
                0x00005dc4                TMOUT1_Init
 .text.TU1_Init
                0x00005e00      0x158 ./Generated_Code/TU1.o
                0x00005e00                TU1_Init
 .text.TU1_GetPeriodTicks
                0x00005f58       0x30 ./Generated_Code/TU1.o
                0x00005f58                TU1_GetPeriodTicks
 .text.TU1_SetOffsetTicks
                0x00005f88       0x54 ./Generated_Code/TU1.o
                0x00005f88                TU1_SetOffsetTicks
 .text.TU2_Init
                0x00005fdc       0xe0 ./Generated_Code/TU2.o
                0x00005fdc                TU2_Init
 .text.TU2_SetEventMask
                0x000060bc       0xe4 ./Generated_Code/TU2.o
                0x000060bc                TU2_SetEventMask
 .text.TU2_GetEventMask
                0x000061a0       0x1c ./Generated_Code/TU2.o
                0x000061a0                TU2_GetEventMask
 .text.TU2_SetOffsetTicks
                0x000061bc       0x44 ./Generated_Code/TU2.o
                0x000061bc                TU2_SetOffsetTicks
 .text.TU2_GetOffsetTicks
                0x00006200       0x48 ./Generated_Code/TU2.o
                0x00006200                TU2_GetOffsetTicks
 .text.TU2_Interrupt
                0x00006248       0x84 ./Generated_Code/TU2.o
                0x00006248                TU2_Interrupt
 .text.Tx1_Get  0x000062cc       0x74 ./Generated_Code/Tx1.o
                0x000062cc                Tx1_Get
 .text.Tx1_NofElements
                0x00006340       0x18 ./Generated_Code/Tx1.o
                0x00006340                Tx1_NofElements
 .text.Tx1_Init
                0x00006358       0x2c ./Generated_Code/Tx1.o
                0x00006358                Tx1_Init
 .text.USB1_usb_int_en
                0x00006384       0x24 ./Generated_Code/USB1.o
                0x00006384                USB1_usb_int_en
 .text.USB1_Init
                0x000063a8       0x30 ./Generated_Code/USB1.o
                0x000063a8                USB1_Init
 .text.WAIT1_Wait10Cycles
                0x000063d8        0x8 ./Generated_Code/WAIT1.o
                0x000063d8                WAIT1_Wait10Cycles
 .text.WAIT1_Wait100Cycles
                0x000063e0       0x1c ./Generated_Code/WAIT1.o
                0x000063e0                WAIT1_Wait100Cycles
 .text.WAIT1_WaitCycles
                0x000063fc       0x34 ./Generated_Code/WAIT1.o
                0x000063fc                WAIT1_WaitCycles
 .text.WAIT1_WaitLongCycles
                0x00006430       0x38 ./Generated_Code/WAIT1.o
                0x00006430                WAIT1_WaitLongCycles
 .text.WAIT1_Waitms
                0x00006468       0x2c ./Generated_Code/WAIT1.o
                0x00006468                WAIT1_Waitms
 .text.USB_Class_CDC_Service_Cic_Notify
                0x00006494       0xfc ./Generated_Code/usb_cdc.o
                0x00006494                USB_Class_CDC_Service_Cic_Notify
 .text.USB_Class_CDC_Service_Dic_Bulk_In
                0x00006590      0x12c ./Generated_Code/usb_cdc.o
                0x00006590                USB_Class_CDC_Service_Dic_Bulk_In
 .text.USB_Class_CDC_Service_Dic_Bulk_Out
                0x000066bc       0x58 ./Generated_Code/usb_cdc.o
                0x000066bc                USB_Class_CDC_Service_Dic_Bulk_Out
 .text.USB_Class_CDC_Event
                0x00006714      0x164 ./Generated_Code/usb_cdc.o
                0x00006714                USB_Class_CDC_Event
 .text.USB_Other_Requests
                0x00006878      0x1c4 ./Generated_Code/usb_cdc.o
 .text.USB_Class_CDC_Init
                0x00006a3c       0xfc ./Generated_Code/usb_cdc.o
                0x00006a3c                USB_Class_CDC_Init
 .text.USB_Class_CDC_Send_Data
                0x00006b38      0x13c ./Generated_Code/usb_cdc.o
                0x00006b38                USB_Class_CDC_Send_Data
 .text.USB_Class_CDC_Pstn_Init
                0x00006c74       0x28 ./Generated_Code/usb_cdc_pstn.o
                0x00006c74                USB_Class_CDC_Pstn_Init
 .text.USB_Class_CDC_PSTN_Get_Line_Coding
                0x00006c9c       0x3c ./Generated_Code/usb_cdc_pstn.o
                0x00006c9c                USB_Class_CDC_PSTN_Get_Line_Coding
 .text.USB_Class_CDC_PSTN_Set_Line_Coding
                0x00006cd8       0x48 ./Generated_Code/usb_cdc_pstn.o
                0x00006cd8                USB_Class_CDC_PSTN_Set_Line_Coding
 .text.USB_Class_CDC_PSTN_Set_Ctrl_Line_State
                0x00006d20       0xc0 ./Generated_Code/usb_cdc_pstn.o
                0x00006d20                USB_Class_CDC_PSTN_Set_Ctrl_Line_State
 .text.USB_Class_CDC_PSTN_Send_Break
                0x00006de0       0x30 ./Generated_Code/usb_cdc_pstn.o
                0x00006de0                USB_Class_CDC_PSTN_Send_Break
 .text.USB_Class_CDC_PSTN_Get_Comm_Feature
                0x00006e10       0x74 ./Generated_Code/usb_cdc_pstn.o
                0x00006e10                USB_Class_CDC_PSTN_Get_Comm_Feature
 .text.USB_Class_CDC_PSTN_Set_Comm_Feature
                0x00006e84       0x74 ./Generated_Code/usb_cdc_pstn.o
                0x00006e84                USB_Class_CDC_PSTN_Set_Comm_Feature
 .text.USB_Class_CDC_PSTN_Send_Serial_State
                0x00006ef8       0x3c ./Generated_Code/usb_cdc_pstn.o
                0x00006ef8                USB_Class_CDC_PSTN_Send_Serial_State
 .text.USB_Suspend_Service
                0x00006f34       0x40 ./Generated_Code/usb_class.o
                0x00006f34                USB_Suspend_Service
 .text.USB_Resume_Service
                0x00006f74       0x50 ./Generated_Code/usb_class.o
                0x00006f74                USB_Resume_Service
 .text.USB_Stall_Service
                0x00006fc4       0x34 ./Generated_Code/usb_class.o
                0x00006fc4                USB_Stall_Service
 .text.USB_Sof_Service
                0x00006ff8       0x40 ./Generated_Code/usb_class.o
                0x00006ff8                USB_Sof_Service
 .text.USB_Reset_Service
                0x00007038       0xbc ./Generated_Code/usb_class.o
                0x00007038                USB_Reset_Service
 .text.USB_Error_Service
                0x000070f4       0x28 ./Generated_Code/usb_class.o
                0x000070f4                USB_Error_Service
 .text.USB_Class_Init
                0x0000711c       0xec ./Generated_Code/usb_class.o
                0x0000711c                USB_Class_Init
 .text.USB_Class_Initiate_Resume
                0x00007208       0x70 ./Generated_Code/usb_class.o
                0x00007208                USB_Class_Initiate_Resume
 .text.USB_Class_Send_Data
                0x00007278       0x48 ./Generated_Code/usb_class.o
                0x00007278                USB_Class_Send_Data
 .text.USB_Class_Periodic_Task
                0x000072c0        0xc ./Generated_Code/usb_class.o
                0x000072c0                USB_Class_Periodic_Task
 .text.USB_Bus_Reset_Handler
                0x000072cc       0xc0 ./Generated_Code/usb_dci_kinetis.o
 .text.USB_DCI_Get_BDT_Index
                0x0000738c       0x44 ./Generated_Code/usb_dci_kinetis.o
 .text.USB_DCI_Validate_Param
                0x000073d0       0x5c ./Generated_Code/usb_dci_kinetis.o
 .text.USB_DCI_Prepare_Send_Data
                0x0000742c       0x6c ./Generated_Code/usb_dci_kinetis.o
 .text.USB_DCI_Init
                0x00007498      0x160 ./Generated_Code/usb_dci_kinetis.o
                0x00007498                USB_DCI_Init
 .text.USB_DCI_Init_EndPoint
                0x000075f8      0x20c ./Generated_Code/usb_dci_kinetis.o
                0x000075f8                USB_DCI_Init_EndPoint
 .text._usb_device_cancel_transfer
                0x00007804       0xa4 ./Generated_Code/usb_dci_kinetis.o
                0x00007804                _usb_device_cancel_transfer
 .text.USB_DCI_Deinit_EndPoint
                0x000078a8       0xb0 ./Generated_Code/usb_dci_kinetis.o
                0x000078a8                USB_DCI_Deinit_EndPoint
 .text._usb_device_stall_endpoint
                0x00007958       0x7c ./Generated_Code/usb_dci_kinetis.o
                0x00007958                _usb_device_stall_endpoint
 .text._usb_device_unstall_endpoint
                0x000079d4       0xe4 ./Generated_Code/usb_dci_kinetis.o
                0x000079d4                _usb_device_unstall_endpoint
 .text._usb_device_clear_data0_endpoint
                0x00007ab8       0x60 ./Generated_Code/usb_dci_kinetis.o
                0x00007ab8                _usb_device_clear_data0_endpoint
 .text._usb_device_recv_data
                0x00007b18      0x138 ./Generated_Code/usb_dci_kinetis.o
                0x00007b18                _usb_device_recv_data
 .text._usb_device_send_data
                0x00007c50       0xe0 ./Generated_Code/usb_dci_kinetis.o
                0x00007c50                _usb_device_send_data
 .text._usb_device_set_address
                0x00007d30       0x30 ./Generated_Code/usb_dci_kinetis.o
                0x00007d30                _usb_device_set_address
 .text._usb_device_assert_resume
                0x00007d60       0xb8 ./Generated_Code/usb_dci_kinetis.o
                0x00007d60                _usb_device_assert_resume
 .text.USB_Bus_Token_Cpl_Handler
                0x00007e18      0x328 ./Generated_Code/usb_dci_kinetis.o
 .text.USB_ISR  0x00008140      0x2a4 ./Generated_Code/usb_dci_kinetis.o
                0x00008140                USB_ISR
 .text.Clear_Mem
                0x000083e4       0x24 ./Generated_Code/usb_dci_kinetis.o
                0x000083e4                Clear_Mem
 .text.USB_Desc_Get_Descriptor
                0x00008408       0xf4 ./Generated_Code/usb_descriptor.o
                0x00008408                USB_Desc_Get_Descriptor
 .text.USB_Desc_Get_Interface
                0x000084fc       0x38 ./Generated_Code/usb_descriptor.o
                0x000084fc                USB_Desc_Get_Interface
 .text.USB_Desc_Set_Interface
                0x00008534       0x38 ./Generated_Code/usb_descriptor.o
                0x00008534                USB_Desc_Set_Interface
 .text.USB_Desc_Valid_Configation
                0x0000856c       0x44 ./Generated_Code/usb_descriptor.o
                0x0000856c                USB_Desc_Valid_Configation
 .text.USB_Desc_Remote_Wakeup
                0x000085b0       0x18 ./Generated_Code/usb_descriptor.o
                0x000085b0                USB_Desc_Remote_Wakeup
 .text.USB_Desc_Get_Endpoints
                0x000085c8       0x1c ./Generated_Code/usb_descriptor.o
                0x000085c8                USB_Desc_Get_Endpoints
 .text.USB_Desc_Get_Line_Coding
                0x000085e4       0x3c ./Generated_Code/usb_descriptor.o
                0x000085e4                USB_Desc_Get_Line_Coding
 .text.USB_Desc_Set_Line_Coding
                0x00008620       0x5c ./Generated_Code/usb_descriptor.o
                0x00008620                USB_Desc_Set_Line_Coding
 .text.USB_Desc_Get_Abstract_State
                0x0000867c       0x38 ./Generated_Code/usb_descriptor.o
                0x0000867c                USB_Desc_Get_Abstract_State
 .text.USB_Desc_Get_Country_Setting
                0x000086b4       0x38 ./Generated_Code/usb_descriptor.o
                0x000086b4                USB_Desc_Get_Country_Setting
 .text.USB_Desc_Set_Abstract_State
                0x000086ec       0x58 ./Generated_Code/usb_descriptor.o
                0x000086ec                USB_Desc_Set_Abstract_State
 .text.USB_Desc_Set_Country_Setting
                0x00008744       0x58 ./Generated_Code/usb_descriptor.o
                0x00008744                USB_Desc_Set_Country_Setting
 .text.USB_Device_Init_Params
                0x0000879c       0x60 ./Generated_Code/usb_driver.o
 .text._usb_device_init
                0x000087fc       0x48 ./Generated_Code/usb_driver.o
                0x000087fc                _usb_device_init
 .text._usb_device_init_endpoint
                0x00008844       0x74 ./Generated_Code/usb_driver.o
                0x00008844                _usb_device_init_endpoint
 .text._usb_device_deinit_endpoint
                0x000088b8       0x6c ./Generated_Code/usb_driver.o
                0x000088b8                _usb_device_deinit_endpoint
 .text._usb_device_get_status
                0x00008924       0x68 ./Generated_Code/usb_driver.o
                0x00008924                _usb_device_get_status
 .text._usb_device_set_status
                0x0000898c       0xbc ./Generated_Code/usb_driver.o
                0x0000898c                _usb_device_set_status
 .text._usb_device_register_service
                0x00008a48       0x20 ./Generated_Code/usb_driver.o
                0x00008a48                _usb_device_register_service
 .text.USB_Device_Call_Service
                0x00008a68       0x3c ./Generated_Code/usb_driver.o
                0x00008a68                USB_Device_Call_Service
 .text.USB_NULL_CALLBACK
                0x00008aa4       0x14 ./Generated_Code/usb_driver.o
                0x00008aa4                USB_NULL_CALLBACK
 .text.USB_Framework_Init
                0x00008ab8       0x44 ./Generated_Code/usb_framework.o
                0x00008ab8                USB_Framework_Init
 .text.USB_Control_Service
                0x00008afc      0x1dc ./Generated_Code/usb_framework.o
                0x00008afc                USB_Control_Service
 .text.USB_Control_Service_Handler
                0x00008cd8       0x74 ./Generated_Code/usb_framework.o
 .text.USB_Strd_Req_Get_Status
                0x00008d4c      0x170 ./Generated_Code/usb_framework.o
 .text.USB_Strd_Req_Feature
                0x00008ebc      0x174 ./Generated_Code/usb_framework.o
 .text.USB_Strd_Req_Set_Address
                0x00009030       0x3c ./Generated_Code/usb_framework.o
 .text.USB_Strd_Req_Assign_Address
                0x0000906c       0x44 ./Generated_Code/usb_framework.o
 .text.USB_Strd_Req_Get_Config
                0x000090b0       0x4c ./Generated_Code/usb_framework.o
 .text.USB_Strd_Req_Set_Config
                0x000090fc       0x9c ./Generated_Code/usb_framework.o
 .text.USB_Strd_Req_Get_Interface
                0x00009198       0x50 ./Generated_Code/usb_framework.o
 .text.USB_Strd_Req_Set_Interface
                0x000091e8       0x4c ./Generated_Code/usb_framework.o
 .text.USB_Strd_Req_Sync_Frame
                0x00009234       0x48 ./Generated_Code/usb_framework.o
 .text.USB_Strd_Req_Get_Descriptor
                0x0000927c       0x54 ./Generated_Code/usb_framework.o
 .text.Watchdog_Reset
                0x000092d0       0x20 ./Generated_Code/wdt_kinetis.o
                0x000092d0                Watchdog_Reset
 .text.atof     0x000092f0        0x6 /opt/Freescale/KDS_v3/toolchain/bin/../lib/gcc/arm-none-eabi/4.8.4/../../../../arm-none-eabi/lib/armv7e-m/fpu/libg_s.a(lib_a-atof.o)
                0x000092f0                atof
 *fill*         0x000092f6        0x2 
 .text.exit     0x000092f8       0x28 /opt/Freescale/KDS_v3/toolchain/bin/../lib/gcc/arm-none-eabi/4.8.4/../../../../arm-none-eabi/lib/armv7e-m/fpu/libg_s.a(lib_a-exit.o)
                0x000092f8                exit
 .text.__libc_init_array
                0x00009320       0x4c /opt/Freescale/KDS_v3/toolchain/bin/../lib/gcc/arm-none-eabi/4.8.4/../../../../arm-none-eabi/lib/armv7e-m/fpu/libg_s.a(lib_a-init.o)
                0x00009320                __libc_init_array
 .text.memcpy   0x0000936c       0x12 /opt/Freescale/KDS_v3/toolchain/bin/../lib/gcc/arm-none-eabi/4.8.4/../../../../arm-none-eabi/lib/armv7e-m/fpu/libg_s.a(lib_a-memcpy-stub.o)
                0x0000936c                memcpy
 .text.memset   0x0000937e       0x10 /opt/Freescale/KDS_v3/toolchain/bin/../lib/gcc/arm-none-eabi/4.8.4/../../../../arm-none-eabi/lib/armv7e-m/fpu/libg_s.a(lib_a-memset.o)
                0x0000937e                memset
 .text.match    0x0000938e       0x28 /opt/Freescale/KDS_v3/toolchain/bin/../lib/gcc/arm-none-eabi/4.8.4/../../../../arm-none-eabi/lib/armv7e-m/fpu/libg_s.a(lib_a-strtod.o)
 .text.sulp     0x000093b6       0x34 /opt/Freescale/KDS_v3/toolchain/bin/../lib/gcc/arm-none-eabi/4.8.4/../../../../arm-none-eabi/lib/armv7e-m/fpu/libg_s.a(lib_a-strtod.o)
 *fill*         0x000093ea        0x6 
 .text._strtod_r
                0x000093f0      0xc48 /opt/Freescale/KDS_v3/toolchain/bin/../lib/gcc/arm-none-eabi/4.8.4/../../../../arm-none-eabi/lib/armv7e-m/fpu/libg_s.a(lib_a-strtod.o)
                0x000093f0                _strtod_r
 .text.strtod   0x0000a038       0x14 /opt/Freescale/KDS_v3/toolchain/bin/../lib/gcc/arm-none-eabi/4.8.4/../../../../arm-none-eabi/lib/armv7e-m/fpu/libg_s.a(lib_a-strtod.o)
                0x0000a038                strtod
 .text.strtok   0x0000a04c       0x64 /opt/Freescale/KDS_v3/toolchain/bin/../lib/gcc/arm-none-eabi/4.8.4/../../../../arm-none-eabi/lib/armv7e-m/fpu/libg_s.a(lib_a-strtok.o)
                0x0000a04c                strtok
 .text.__strtok_r
                0x0000a0b0       0x56 /opt/Freescale/KDS_v3/toolchain/bin/../lib/gcc/arm-none-eabi/4.8.4/../../../../arm-none-eabi/lib/armv7e-m/fpu/libg_s.a(lib_a-strtok_r.o)
                0x0000a0b0                __strtok_r
 .text.rshift   0x0000a106       0x6a /opt/Freescale/KDS_v3/toolchain/bin/../lib/gcc/arm-none-eabi/4.8.4/../../../../arm-none-eabi/lib/armv7e-m/fpu/libg_s.a(lib_a-gdtoa-gethex.o)
 .text.__hexdig_fun
                0x0000a170       0x2a /opt/Freescale/KDS_v3/toolchain/bin/../lib/gcc/arm-none-eabi/4.8.4/../../../../arm-none-eabi/lib/armv7e-m/fpu/libg_s.a(lib_a-gdtoa-gethex.o)
                0x0000a170                __hexdig_fun
 .text.__gethex
                0x0000a19a      0x45e /opt/Freescale/KDS_v3/toolchain/bin/../lib/gcc/arm-none-eabi/4.8.4/../../../../arm-none-eabi/lib/armv7e-m/fpu/libg_s.a(lib_a-gdtoa-gethex.o)
                0x0000a19a                __gethex
 .text.L_shift  0x0000a5f8       0x26 /opt/Freescale/KDS_v3/toolchain/bin/../lib/gcc/arm-none-eabi/4.8.4/../../../../arm-none-eabi/lib/armv7e-m/fpu/libg_s.a(lib_a-gdtoa-hexnan.o)
 .text.__hexnan
                0x0000a61e      0x120 /opt/Freescale/KDS_v3/toolchain/bin/../lib/gcc/arm-none-eabi/4.8.4/../../../../arm-none-eabi/lib/armv7e-m/fpu/libg_s.a(lib_a-gdtoa-hexnan.o)
                0x0000a61e                __hexnan
 *fill*         0x0000a73e        0x2 
 .text._localeconv_r
                0x0000a740        0x8 /opt/Freescale/KDS_v3/toolchain/bin/../lib/gcc/arm-none-eabi/4.8.4/../../../../arm-none-eabi/lib/armv7e-m/fpu/libg_s.a(lib_a-locale.o)
                0x0000a740                _localeconv_r
 .text.malloc   0x0000a748       0x10 /opt/Freescale/KDS_v3/toolchain/bin/../lib/gcc/arm-none-eabi/4.8.4/../../../../arm-none-eabi/lib/armv7e-m/fpu/libg_s.a(lib_a-malloc.o)
                0x0000a748                malloc
 .text._Balloc  0x0000a758       0x6a /opt/Freescale/KDS_v3/toolchain/bin/../lib/gcc/arm-none-eabi/4.8.4/../../../../arm-none-eabi/lib/armv7e-m/fpu/libg_s.a(lib_a-mprec.o)
                0x0000a758                _Balloc
 .text._Bfree   0x0000a7c2       0x2e /opt/Freescale/KDS_v3/toolchain/bin/../lib/gcc/arm-none-eabi/4.8.4/../../../../arm-none-eabi/lib/armv7e-m/fpu/libg_s.a(lib_a-mprec.o)
                0x0000a7c2                _Bfree
 .text.__multadd
                0x0000a7f0       0x74 /opt/Freescale/KDS_v3/toolchain/bin/../lib/gcc/arm-none-eabi/4.8.4/../../../../arm-none-eabi/lib/armv7e-m/fpu/libg_s.a(lib_a-mprec.o)
                0x0000a7f0                __multadd
 .text.__s2b    0x0000a864       0x84 /opt/Freescale/KDS_v3/toolchain/bin/../lib/gcc/arm-none-eabi/4.8.4/../../../../arm-none-eabi/lib/armv7e-m/fpu/libg_s.a(lib_a-mprec.o)
                0x0000a864                __s2b
 .text.__hi0bits
                0x0000a8e8       0x40 /opt/Freescale/KDS_v3/toolchain/bin/../lib/gcc/arm-none-eabi/4.8.4/../../../../arm-none-eabi/lib/armv7e-m/fpu/libg_s.a(lib_a-mprec.o)
                0x0000a8e8                __hi0bits
 .text.__lo0bits
                0x0000a928       0x5a /opt/Freescale/KDS_v3/toolchain/bin/../lib/gcc/arm-none-eabi/4.8.4/../../../../arm-none-eabi/lib/armv7e-m/fpu/libg_s.a(lib_a-mprec.o)
                0x0000a928                __lo0bits
 .text.__i2b    0x0000a982       0x12 /opt/Freescale/KDS_v3/toolchain/bin/../lib/gcc/arm-none-eabi/4.8.4/../../../../arm-none-eabi/lib/armv7e-m/fpu/libg_s.a(lib_a-mprec.o)
                0x0000a982                __i2b
 .text.__multiply
                0x0000a994      0x130 /opt/Freescale/KDS_v3/toolchain/bin/../lib/gcc/arm-none-eabi/4.8.4/../../../../arm-none-eabi/lib/armv7e-m/fpu/libg_s.a(lib_a-mprec.o)
                0x0000a994                __multiply
 .text.__pow5mult
                0x0000aac4       0x9c /opt/Freescale/KDS_v3/toolchain/bin/../lib/gcc/arm-none-eabi/4.8.4/../../../../arm-none-eabi/lib/armv7e-m/fpu/libg_s.a(lib_a-mprec.o)
                0x0000aac4                __pow5mult
 .text.__lshift
                0x0000ab60       0xa6 /opt/Freescale/KDS_v3/toolchain/bin/../lib/gcc/arm-none-eabi/4.8.4/../../../../arm-none-eabi/lib/armv7e-m/fpu/libg_s.a(lib_a-mprec.o)
                0x0000ab60                __lshift
 .text.__mcmp   0x0000ac06       0x3a /opt/Freescale/KDS_v3/toolchain/bin/../lib/gcc/arm-none-eabi/4.8.4/../../../../arm-none-eabi/lib/armv7e-m/fpu/libg_s.a(lib_a-mprec.o)
                0x0000ac06                __mcmp
 .text.__mdiff  0x0000ac40       0xbc /opt/Freescale/KDS_v3/toolchain/bin/../lib/gcc/arm-none-eabi/4.8.4/../../../../arm-none-eabi/lib/armv7e-m/fpu/libg_s.a(lib_a-mprec.o)
                0x0000ac40                __mdiff
 .text.__ulp    0x0000acfc       0x4a /opt/Freescale/KDS_v3/toolchain/bin/../lib/gcc/arm-none-eabi/4.8.4/../../../../arm-none-eabi/lib/armv7e-m/fpu/libg_s.a(lib_a-mprec.o)
                0x0000acfc                __ulp
 .text.__b2d    0x0000ad46       0xa6 /opt/Freescale/KDS_v3/toolchain/bin/../lib/gcc/arm-none-eabi/4.8.4/../../../../arm-none-eabi/lib/armv7e-m/fpu/libg_s.a(lib_a-mprec.o)
                0x0000ad46                __b2d
 .text.__d2b    0x0000adec       0xa0 /opt/Freescale/KDS_v3/toolchain/bin/../lib/gcc/arm-none-eabi/4.8.4/../../../../arm-none-eabi/lib/armv7e-m/fpu/libg_s.a(lib_a-mprec.o)
                0x0000adec                __d2b
 .text.__ratio  0x0000ae8c       0x4e /opt/Freescale/KDS_v3/toolchain/bin/../lib/gcc/arm-none-eabi/4.8.4/../../../../arm-none-eabi/lib/armv7e-m/fpu/libg_s.a(lib_a-mprec.o)
                0x0000ae8c                __ratio
 .text.__copybits
                0x0000aeda       0x32 /opt/Freescale/KDS_v3/toolchain/bin/../lib/gcc/arm-none-eabi/4.8.4/../../../../arm-none-eabi/lib/armv7e-m/fpu/libg_s.a(lib_a-mprec.o)
                0x0000aeda                __copybits
 .text.__any_on
                0x0000af0c       0x48 /opt/Freescale/KDS_v3/toolchain/bin/../lib/gcc/arm-none-eabi/4.8.4/../../../../arm-none-eabi/lib/armv7e-m/fpu/libg_s.a(lib_a-mprec.o)
                0x0000af0c                __any_on
 .text._calloc_r
                0x0000af54       0x1c /opt/Freescale/KDS_v3/toolchain/bin/../lib/gcc/arm-none-eabi/4.8.4/../../../../arm-none-eabi/lib/armv7e-m/fpu/libg_s.a(lib_a-nano-callocr.o)
                0x0000af54                _calloc_r
 .text._malloc_r
                0x0000af70       0xa8 /opt/Freescale/KDS_v3/toolchain/bin/../lib/gcc/arm-none-eabi/4.8.4/../../../../arm-none-eabi/lib/armv7e-m/fpu/libg_s.a(lib_a-nano-mallocr.o)
                0x0000af70                _malloc_r
 .text._sbrk_r  0x0000b018       0x20 /opt/Freescale/KDS_v3/toolchain/bin/../lib/gcc/arm-none-eabi/4.8.4/../../../../arm-none-eabi/lib/armv7e-m/fpu/libg_s.a(lib_a-sbrkr.o)
                0x0000b018                _sbrk_r
 .text.strlen   0x0000b038       0x10 /opt/Freescale/KDS_v3/toolchain/bin/../lib/gcc/arm-none-eabi/4.8.4/../../../../arm-none-eabi/lib/armv7e-m/fpu/libg_s.a(lib_a-strlen.o)
                0x0000b038                strlen
 .text.strncmp  0x0000b048       0x2e /opt/Freescale/KDS_v3/toolchain/bin/../lib/gcc/arm-none-eabi/4.8.4/../../../../arm-none-eabi/lib/armv7e-m/fpu/libg_s.a(lib_a-strncmp.o)
                0x0000b048                strncmp
 *fill*         0x0000b076        0x2 
 .text._sbrk    0x0000b078       0x34 /opt/Freescale/KDS_v3/toolchain/bin/../lib/gcc/arm-none-eabi/4.8.4/../../../../arm-none-eabi/lib/armv7e-m/fpu/libnosys.a(sbrk.o)
                0x0000b078                _sbrk
 .text._exit    0x0000b0ac        0x4 /opt/Freescale/KDS_v3/toolchain/bin/../lib/gcc/arm-none-eabi/4.8.4/../../../../arm-none-eabi/lib/armv7e-m/fpu/libnosys.a(_exit.o)
                0x0000b0ac                _exit
 *(.rodata)
 .rodata        0x0000b0b0        0x4 ./Sources/main.o
 .rodata        0x0000b0b4        0x8 ./Generated_Code/usb_dci_kinetis.o
 *(.rodata*)
 .rodata.ClockGenModeMatrix
                0x0000b0bc       0x80 ./Static_Code/System/CPU_Init.o
 .rodata.CPU_ClockConfigDescriptors
                0x0000b13c       0x1c ./Static_Code/System/CPU_Init.o
 .rodata.CPU_DefaultFEI
                0x0000b158        0x8 ./Static_Code/System/CPU_Init.o
 .rodata.CPU_DefaultFBI
                0x0000b160        0x8 ./Static_Code/System/CPU_Init.o
 .rodata.CPU_DefaultBLPI
                0x0000b168        0x8 ./Static_Code/System/CPU_Init.o
 .rodata.CPU_DefaultFEE
                0x0000b170        0x8 ./Static_Code/System/CPU_Init.o
 .rodata.CPU_DefaultFBE
                0x0000b178        0x8 ./Static_Code/System/CPU_Init.o
 .rodata.CPU_DefaultBLPE
                0x0000b180        0x8 ./Static_Code/System/CPU_Init.o
 .rodata.CPU_DefaultPBE
                0x0000b188        0x8 ./Static_Code/System/CPU_Init.o
 .rodata.CPU_DefaultPEE
                0x0000b190        0x8 ./Static_Code/System/CPU_Init.o
 .rodata.CPU_ClockGenModeRegs
                0x0000b198       0x20 ./Static_Code/System/CPU_Init.o
 .rodata.ChannelToPin
                0x0000b1b8        0x4 ./Generated_Code/AD1.o
 .rodata.ChannelDevice
                0x0000b1bc        0x4 ./Generated_Code/TU1.o
 .rodata.ChannelMode
                0x0000b1c0        0x4 ./Generated_Code/TU1.o
 .rodata.usb_desc_ep
                0x0000b1c4       0x10 ./Generated_Code/usb_descriptor.o
                0x0000b1c4                usb_desc_ep
 .rodata.g_std_desc_size
                0x0000b1d4       0x10 ./Generated_Code/usb_descriptor.o
                0x0000b1d4                g_std_desc_size
 .rodata.g_std_descriptors
                0x0000b1e4       0x20 ./Generated_Code/usb_descriptor.o
                0x0000b1e4                g_std_descriptors
 .rodata.g_string_desc_size
                0x0000b204        0x4 ./Generated_Code/usb_descriptor.o
                0x0000b204                g_string_desc_size
 .rodata.g_string_descriptors
                0x0000b208       0x10 ./Generated_Code/usb_descriptor.o
                0x0000b208                g_string_descriptors
 .rodata.g_languages
                0x0000b218       0x20 ./Generated_Code/usb_descriptor.o
                0x0000b218                g_languages
 .rodata.g_valid_config_values
                0x0000b238        0x4 ./Generated_Code/usb_descriptor.o
                0x0000b238                g_valid_config_values
 .rodata.g_usb_CB
                0x0000b23c       0x60 ./Generated_Code/usb_driver.o
 .rodata.g_validate_request
                0x0000b29c       0x28 ./Generated_Code/usb_framework.o
                0x0000b29c                g_validate_request
 .rodata.g_standard_request
                0x0000b2c4       0x34 ./Generated_Code/usb_framework.o
                0x0000b2c4                g_standard_request
 .rodata.str1.1
                0x0000b2f8        0x2 /opt/Freescale/KDS_v3/toolchain/bin/../lib/gcc/arm-none-eabi/4.8.4/../../../../arm-none-eabi/lib/armv7e-m/fpu/libg_s.a(lib_a-impure.o)
 *fill*         0x0000b2fa        0x2 
 .rodata._global_impure_ptr
                0x0000b2fc        0x4 /opt/Freescale/KDS_v3/toolchain/bin/../lib/gcc/arm-none-eabi/4.8.4/../../../../arm-none-eabi/lib/armv7e-m/fpu/libg_s.a(lib_a-impure.o)
                0x0000b2fc                _global_impure_ptr
 .rodata.tinytens
                0x0000b300       0x28 /opt/Freescale/KDS_v3/toolchain/bin/../lib/gcc/arm-none-eabi/4.8.4/../../../../arm-none-eabi/lib/armv7e-m/fpu/libg_s.a(lib_a-strtod.o)
 .rodata.fpi.5246
                0x0000b328       0x14 /opt/Freescale/KDS_v3/toolchain/bin/../lib/gcc/arm-none-eabi/4.8.4/../../../../arm-none-eabi/lib/armv7e-m/fpu/libg_s.a(lib_a-strtod.o)
 .rodata.str1.1
                0x0000b33c        0xc /opt/Freescale/KDS_v3/toolchain/bin/../lib/gcc/arm-none-eabi/4.8.4/../../../../arm-none-eabi/lib/armv7e-m/fpu/libg_s.a(lib_a-strtod.o)
 .rodata.fpinan.5282
                0x0000b348       0x14 /opt/Freescale/KDS_v3/toolchain/bin/../lib/gcc/arm-none-eabi/4.8.4/../../../../arm-none-eabi/lib/armv7e-m/fpu/libg_s.a(lib_a-strtod.o)
 .rodata.str1.1
                0x0000b35c        0x8 /opt/Freescale/KDS_v3/toolchain/bin/../lib/gcc/arm-none-eabi/4.8.4/../../../../arm-none-eabi/lib/armv7e-m/fpu/libg_s.a(lib_a-locale.o)
                                  0xb (size before relaxing)
 *fill*         0x0000b364        0x4 
 .rodata.__mprec_tens
                0x0000b368       0xc8 /opt/Freescale/KDS_v3/toolchain/bin/../lib/gcc/arm-none-eabi/4.8.4/../../../../arm-none-eabi/lib/armv7e-m/fpu/libg_s.a(lib_a-mprec.o)
                0x0000b368                __mprec_tens
 .rodata.__mprec_bigtens
                0x0000b430       0x28 /opt/Freescale/KDS_v3/toolchain/bin/../lib/gcc/arm-none-eabi/4.8.4/../../../../arm-none-eabi/lib/armv7e-m/fpu/libg_s.a(lib_a-mprec.o)
                0x0000b430                __mprec_bigtens
 .rodata.p05.5281
                0x0000b458        0xc /opt/Freescale/KDS_v3/toolchain/bin/../lib/gcc/arm-none-eabi/4.8.4/../../../../arm-none-eabi/lib/armv7e-m/fpu/libg_s.a(lib_a-mprec.o)
 *(.glue_7)
 .glue_7        0x00000000        0x0 linker stubs
 *(.glue_7t)
 .glue_7t       0x00000000        0x0 linker stubs
 *(.eh_frame)
 .eh_frame      0x0000b464        0x0 /opt/Freescale/KDS_v3/toolchain/bin/../lib/gcc/arm-none-eabi/4.8.4/armv7e-m/fpu/crtbegin.o
 *(.init)
 .init          0x0000b464        0x4 /opt/Freescale/KDS_v3/toolchain/bin/../lib/gcc/arm-none-eabi/4.8.4/armv7e-m/fpu/crti.o
                0x0000b464                _init
 .init          0x0000b468        0x8 /opt/Freescale/KDS_v3/toolchain/bin/../lib/gcc/arm-none-eabi/4.8.4/armv7e-m/fpu/crtn.o
 *(.fini)
 .fini          0x0000b470        0x4 /opt/Freescale/KDS_v3/toolchain/bin/../lib/gcc/arm-none-eabi/4.8.4/armv7e-m/fpu/crti.o
                0x0000b470                _fini
 .fini          0x0000b474        0x8 /opt/Freescale/KDS_v3/toolchain/bin/../lib/gcc/arm-none-eabi/4.8.4/armv7e-m/fpu/crtn.o
                0x0000b47c                . = ALIGN (0x4)
                0x0000b47c                _etext = .

.vfp11_veneer   0x0000b47c        0x0
 .vfp11_veneer  0x00000000        0x0 linker stubs

.v4_bx          0x0000b47c        0x0
 .v4_bx         0x00000000        0x0 linker stubs

.iplt           0x0000b47c        0x0
 .iplt          0x00000000        0x0 /opt/Freescale/KDS_v3/toolchain/bin/../lib/gcc/arm-none-eabi/4.8.4/armv7e-m/fpu/crtbegin.o

.ARM.extab
 *(.ARM.extab* .gnu.linkonce.armextab.*)

.ARM            0x0000b47c        0x8
                0x0000b47c                __exidx_start = .
 *(.ARM.exidx*)
 .ARM.exidx     0x0000b47c        0x8 /opt/Freescale/KDS_v3/toolchain/bin/../lib/gcc/arm-none-eabi/4.8.4/../../../../arm-none-eabi/lib/armv7e-m/fpu/crt0.o
                0x0000b484                __exidx_end = .

.rel.dyn        0x0000b484        0x0
 .rel.iplt      0x00000000        0x0 /opt/Freescale/KDS_v3/toolchain/bin/../lib/gcc/arm-none-eabi/4.8.4/armv7e-m/fpu/crtbegin.o

.ctors          0x0000b484        0x0
                0x0000b484                __CTOR_LIST__ = .
 *crtbegin.o(.ctors)
 *(EXCLUDE_FILE(*crtend.o) .ctors)
 *(SORT(.ctors.*))
 *(.ctors)
                0x0000b484                __CTOR_END__ = .

.dtors          0x0000b484        0x0
                0x0000b484                __DTOR_LIST__ = .
 *crtbegin.o(.dtors)
 *(EXCLUDE_FILE(*crtend.o) .dtors)
 *(SORT(.dtors.*))
 *(.dtors)
                0x0000b484                __DTOR_END__ = .

.preinit_array  0x0000b484        0x0
                0x0000b484                PROVIDE (__preinit_array_start, .)
 *(.preinit_array*)
                0x0000b484                PROVIDE (__preinit_array_end, .)

.init_array     0x0000b484        0x4
                0x0000b484                PROVIDE (__init_array_start, .)
 *(SORT(.init_array.*))
 *(.init_array*)
 .init_array    0x0000b484        0x4 /opt/Freescale/KDS_v3/toolchain/bin/../lib/gcc/arm-none-eabi/4.8.4/armv7e-m/fpu/crtbegin.o
                0x0000b488                PROVIDE (__init_array_end, .)

.fini_array     0x0000b488        0x4
                0x0000b488                PROVIDE (__fini_array_start, .)
 *(SORT(.fini_array.*))
 *(.fini_array*)
 .fini_array    0x0000b488        0x4 /opt/Freescale/KDS_v3/toolchain/bin/../lib/gcc/arm-none-eabi/4.8.4/armv7e-m/fpu/crtbegin.o
                0x0000b48c                PROVIDE (__fini_array_end, .)
                0x0000b48c                ___ROM_AT = .

.data           0x20000000      0x184 load address 0x0000b48c
                0x20000000                . = ALIGN (0x4)
                0x20000000                _sdata = .
 *(.data)
 *(.data*)
 .data.QUAD_ENCODER_TABLE
                0x20000000        0x4 ./Sources/quad_encoder.o
                0x20000000                QUAD_ENCODER_TABLE
 .data.INV_QUAD_ENCODER_TABLE
                0x20000004        0x4 ./Sources/quad_encoder.o
                0x20000004                INV_QUAD_ENCODER_TABLE
 .data.g_serial_state_buf
                0x20000008        0xc ./Generated_Code/usb_cdc_pstn.o
 .data.g_trf_direction
                0x20000014        0x1 ./Generated_Code/usb_dci_kinetis.o
 *fill*         0x20000015        0x3 
 .data.g_device_descriptor
                0x20000018       0x14 ./Generated_Code/usb_descriptor.o
                0x20000018                g_device_descriptor
 .data.g_config_descriptor
                0x2000002c       0x44 ./Generated_Code/usb_descriptor.o
                0x2000002c                g_config_descriptor
 .data.USB_STR_0
                0x20000070        0x4 ./Generated_Code/usb_descriptor.o
                0x20000070                USB_STR_0
 .data.USB_STR_1
                0x20000074       0x20 ./Generated_Code/usb_descriptor.o
                0x20000074                USB_STR_1
 .data.USB_STR_2
                0x20000094       0x20 ./Generated_Code/usb_descriptor.o
                0x20000094                USB_STR_2
 .data.USB_STR_n
                0x200000b4       0x24 ./Generated_Code/usb_descriptor.o
                0x200000b4                USB_STR_n
 .data.g_line_coding
                0x200000d8       0x10 ./Generated_Code/usb_descriptor.o
 .data.impure_data
                0x200000e8       0x60 /opt/Freescale/KDS_v3/toolchain/bin/../lib/gcc/arm-none-eabi/4.8.4/../../../../arm-none-eabi/lib/armv7e-m/fpu/libg_s.a(lib_a-impure.o)
 .data._impure_ptr
                0x20000148        0x4 /opt/Freescale/KDS_v3/toolchain/bin/../lib/gcc/arm-none-eabi/4.8.4/../../../../arm-none-eabi/lib/armv7e-m/fpu/libg_s.a(lib_a-impure.o)
                0x20000148                _impure_ptr
 .data.lconv    0x2000014c       0x38 /opt/Freescale/KDS_v3/toolchain/bin/../lib/gcc/arm-none-eabi/4.8.4/../../../../arm-none-eabi/lib/armv7e-m/fpu/libg_s.a(lib_a-locale.o)
                0x20000184                . = ALIGN (0x4)
                0x20000184                _edata = .
                0x00000184                ___data_size = (_edata - _sdata)
                0x0000b610                ___m_data_1FFF0000_ROMStart = (___ROM_AT + SIZEOF (.data))

.jcr            0x20000184        0x0 load address 0x0000b610
 .jcr           0x20000184        0x0 /opt/Freescale/KDS_v3/toolchain/bin/../lib/gcc/arm-none-eabi/4.8.4/armv7e-m/fpu/crtbegin.o

.igot.plt       0x20000184        0x0 load address 0x0000b610
 .igot.plt      0x00000000        0x0 /opt/Freescale/KDS_v3/toolchain/bin/../lib/gcc/arm-none-eabi/4.8.4/armv7e-m/fpu/crtbegin.o

.m_data_1FFF0000
                0x1fff0000        0x0 load address 0x0000b610
                0x1fff0000                . = ALIGN (0x4)
                0x1fff0000                ___m_data_1FFF0000_RAMStart = .
 *(.m_data_1FFF0000)
                0x1fff0000                ___m_data_1FFF0000_RAMEnd = .
                0x1fff0000                . = ALIGN (0x4)
                0x00000000                ___m_data_1FFF0000_ROMSize = (___m_data_1FFF0000_RAMEnd - ___m_data_1FFF0000_RAMStart)
                0x1fff0000                . = ALIGN (0x4)

.bss            0x20000200     0x1004 load address 0x0000b800
                0x20000200                __START_BSS = .
                0x20000200                PROVIDE (__bss_start__, __START_BSS)
 *(.bss)
 .bss           0x20000200       0x1c /opt/Freescale/KDS_v3/toolchain/bin/../lib/gcc/arm-none-eabi/4.8.4/armv7e-m/fpu/crtbegin.o
 *(.bss*)
 .bss.SR_lock   0x2000021c        0x1 ./Static_Code/System/CPU_Init.o
                0x2000021c                SR_lock
 *fill*         0x2000021d        0x3 
 .bss.qeMotor   0x20000220       0x30 ./Sources/Events.o
                0x20000220                qeMotor
 .bss.nADCStack
                0x20000250        0xc ./Sources/Events.o
                0x20000250                nADCStack
 .bss.nSampleSelection
                0x2000025c        0x1 ./Sources/Events.o
                0x2000025c                nSampleSelection
 *fill*         0x2000025d        0x3 
 .bss.fCurrent  0x20000260        0xc ./Sources/Events.o
                0x20000260                fCurrent
 .bss.ahrs_obj  0x2000026c       0x58 ./Sources/main.o
                0x2000026c                ahrs_obj
 .bss.timerCounter1ms
                0x200002c4        0x4 ./Sources/main.o
                0x200002c4                timerCounter1ms
 .bss.dataFrameTxFlg
                0x200002c8        0x1 ./Sources/main.o
                0x200002c8                dataFrameTxFlg
 .bss.dataFrameRxFlg
                0x200002c9        0x1 ./Sources/main.o
                0x200002c9                dataFrameRxFlg
 *fill*         0x200002ca        0x2 
 .bss.szPCCmd   0x200002cc       0x20 ./Sources/main.o
                0x200002cc                szPCCmd
 .bss.nPCCmdLen
                0x200002ec        0x1 ./Sources/main.o
                0x200002ec                nPCCmdLen
 .bss.nPCCmdFlag
                0x200002ed        0x1 ./Sources/main.o
                0x200002ed                nPCCmdFlag
 *fill*         0x200002ee        0x2 
 .bss.ctrlInput
                0x200002f0       0x18 ./Sources/main.o
                0x200002f0                ctrlInput
 .bss.cdc_buffer
                0x20000308       0x40 ./Sources/main.o
 .bss.isInitDone
                0x20000348        0x1 ./Sources/main.o
                0x20000348                isInitDone
 *fill*         0x20000349        0x3 
 .bss.nowDirection
                0x2000034c        0x4 ./Sources/main.o
                0x2000034c                nowDirection
 .bss.DeviceDataPrv__DEFAULT_RTOS_ALLOC
                0x20000350        0x8 ./Generated_Code/AD1.o
 .bss.INT_ADC1__DEFAULT_RTOS_ISRPARAM
                0x20000358        0x4 ./Generated_Code/AD1.o
 .bss.SerFlag   0x2000035c        0x2 ./Generated_Code/ASBluetooth.o
 .bss.BufferRead
                0x2000035e        0x1 ./Generated_Code/ASBluetooth.o
 *fill*         0x2000035f        0x1 
 .bss.SerFlag   0x20000360        0x2 ./Generated_Code/ASDXL.o
 .bss.ASDXL_InpLen
                0x20000362        0x2 ./Generated_Code/ASDXL.o
 .bss.InpIndexR
                0x20000364        0x2 ./Generated_Code/ASDXL.o
 .bss.InpIndexW
                0x20000366        0x2 ./Generated_Code/ASDXL.o
 .bss.InpBuffer
                0x20000368      0x100 ./Generated_Code/ASDXL.o
 .bss.BufferRead
                0x20000468        0x1 ./Generated_Code/ASDXL.o
 *fill*         0x20000469        0x1 
 .bss.ASDXL_OutLen
                0x2000046a        0x2 ./Generated_Code/ASDXL.o
 .bss.OutIndexR
                0x2000046c        0x2 ./Generated_Code/ASDXL.o
 .bss.OutIndexW
                0x2000046e        0x2 ./Generated_Code/ASDXL.o
 .bss.OutBuffer
                0x20000470      0x100 ./Generated_Code/ASDXL.o
 .bss.OnFreeTxBufSemaphore
                0x20000570        0x1 ./Generated_Code/ASDXL.o
 *fill*         0x20000571        0x3 
 .bss.DeviceDataPrv__DEFAULT_RTOS_ALLOC
                0x20000574       0x20 ./Generated_Code/ASerialLdd1.o
 .bss.DeviceDataPrv__DEFAULT_RTOS_ALLOC
                0x20000594       0x20 ./Generated_Code/ASerialLdd2.o
 .bss.INT_UART3_RX_TX__DEFAULT_RTOS_ISRPARAM
                0x200005b4        0x4 ./Generated_Code/ASerialLdd2.o
 .bss.INT_UART3_ERR__DEFAULT_RTOS_ISRPARAM
                0x200005b8        0x4 ./Generated_Code/ASerialLdd2.o
 .bss.DeviceDataPrv__DEFAULT_RTOS_ALLOC
                0x200005bc        0x4 ./Generated_Code/BitIoLdd1.o
 .bss.DeviceDataPrv__DEFAULT_RTOS_ALLOC
                0x200005c0        0x4 ./Generated_Code/BitIoLdd2.o
 .bss.DeviceDataPrv__DEFAULT_RTOS_ALLOC
                0x200005c4        0x4 ./Generated_Code/BitIoLdd3.o
 .bss.DeviceDataPrv__DEFAULT_RTOS_ALLOC
                0x200005c8        0x4 ./Generated_Code/BitIoLdd4.o
 .bss.DeviceDataPrv__DEFAULT_RTOS_ALLOC
                0x200005cc        0x4 ./Generated_Code/BitIoLdd5.o
 .bss.DeviceDataPrv__DEFAULT_RTOS_ALLOC
                0x200005d0        0x4 ./Generated_Code/BitIoLdd6.o
 .bss.DeviceDataPrv__DEFAULT_RTOS_ALLOC
                0x200005d4        0x4 ./Generated_Code/BitIoLdd7.o
 .bss.DeviceDataPrv__DEFAULT_RTOS_ALLOC
                0x200005d8        0x4 ./Generated_Code/BitIoLdd8.o
 .bss.DeviceDataPrv__DEFAULT_RTOS_ALLOC
                0x200005dc        0x4 ./Generated_Code/BitIoLdd9.o
 .bss.DeviceDataPrv__DEFAULT_RTOS_ALLOC
                0x200005e0       0x10 ./Generated_Code/CAN1.o
 .bss.INT_CAN0_Error__DEFAULT_RTOS_ISRPARAM
                0x200005f0        0x4 ./Generated_Code/CAN1.o
 .bss.INT_CAN0_Bus_Off__DEFAULT_RTOS_ISRPARAM
                0x200005f4        0x4 ./Generated_Code/CAN1.o
 .bss.INT_CAN0_ORed_Message_buffer__DEFAULT_RTOS_ISRPARAM
                0x200005f8        0x4 ./Generated_Code/CAN1.o
 .bss.INT_CAN0_Tx_Warning__DEFAULT_RTOS_ISRPARAM
                0x200005fc        0x4 ./Generated_Code/CAN1.o
 .bss.INT_CAN0_Rx_Warning__DEFAULT_RTOS_ISRPARAM
                0x20000600        0x4 ./Generated_Code/CAN1.o
 .bss.INT_CAN0_Wake_Up__DEFAULT_RTOS_ISRPARAM
                0x20000604        0x4 ./Generated_Code/CAN1.o
 .bss.start_app
                0x20000608        0x1 ./Generated_Code/CDC1.o
 .bss.start_transactions
                0x20000609        0x1 ./Generated_Code/CDC1.o
 .bss.transactionOngoing
                0x2000060a        0x1 ./Generated_Code/CDC1.o
 *fill*         0x2000060b        0x1 
 .bss.txBuf.7771
                0x2000060c       0x40 ./Generated_Code/CDC1.o
 .bss.DeviceDataPrv__DEFAULT_RTOS_ALLOC
                0x2000064c        0x4 ./Generated_Code/EInt_M1A.o
 .bss.INT_PORTC__DEFAULT_RTOS_ISRPARAM
                0x20000650        0x4 ./Generated_Code/EInt_M1A.o
 .bss.DeviceDataPrv__DEFAULT_RTOS_ALLOC
                0x20000654        0x4 ./Generated_Code/EInt_M1B.o
 .bss.INT_PORTC__DEFAULT_RTOS_ISRPARAM
                0x20000658        0x4 ./Generated_Code/EInt_M1B.o
 .bss.DeviceDataPrv__DEFAULT_RTOS_ALLOC
                0x2000065c        0x4 ./Generated_Code/EInt_M2A.o
 .bss.INT_PORTC__DEFAULT_RTOS_ISRPARAM
                0x20000660        0x4 ./Generated_Code/EInt_M2A.o
 .bss.DeviceDataPrv__DEFAULT_RTOS_ALLOC
                0x20000664        0x4 ./Generated_Code/EInt_M2B.o
 .bss.INT_PORTC__DEFAULT_RTOS_ISRPARAM
                0x20000668        0x4 ./Generated_Code/EInt_M2B.o
 .bss.DeviceDataPrv__DEFAULT_RTOS_ALLOC
                0x2000066c        0x4 ./Generated_Code/EInt_M3A.o
 .bss.INT_PORTC__DEFAULT_RTOS_ISRPARAM
                0x20000670        0x4 ./Generated_Code/EInt_M3A.o
 .bss.DeviceDataPrv__DEFAULT_RTOS_ALLOC
                0x20000674        0x4 ./Generated_Code/EInt_M3B.o
 .bss.INT_PORTC__DEFAULT_RTOS_ISRPARAM
                0x20000678        0x4 ./Generated_Code/EInt_M3B.o
 .bss.DeviceDataPrv__DEFAULT_RTOS_ALLOC
                0x2000067c       0x18 ./Generated_Code/IO1.o
 .bss.PE_LDD_DeviceDataList
                0x20000694       0x68 ./Generated_Code/PE_LDD.o
                0x20000694                PE_LDD_DeviceDataList
 .bss.DeviceDataPrv__DEFAULT_RTOS_ALLOC
                0x200006fc        0xc ./Generated_Code/PwmLdd1.o
 .bss.DeviceDataPrv__DEFAULT_RTOS_ALLOC
                0x20000708        0xc ./Generated_Code/PwmLdd2.o
 .bss.DeviceDataPrv__DEFAULT_RTOS_ALLOC
                0x20000714        0xc ./Generated_Code/PwmLdd3.o
 .bss.Rx1_buffer
                0x20000720       0x40 ./Generated_Code/Rx1.o
 .bss.Rx1_inIdx
                0x20000760        0x1 ./Generated_Code/Rx1.o
 .bss.Rx1_outIdx
                0x20000761        0x1 ./Generated_Code/Rx1.o
 .bss.Rx1_inSize
                0x20000762        0x1 ./Generated_Code/Rx1.o
 *fill*         0x20000763        0x1 
 .bss.DeviceDataPrv__DEFAULT_RTOS_ALLOC
                0x20000764       0x14 ./Generated_Code/TIMotorCtrl.o
 .bss.TMOUT1_Counters
                0x20000778        0x4 ./Generated_Code/TMOUT1.o
 .bss.TMOUT1_FreeCounters
                0x2000077c        0x4 ./Generated_Code/TMOUT1.o
 .bss.DeviceDataPrv__DEFAULT_RTOS_ALLOC
                0x20000780        0x8 ./Generated_Code/TU1.o
 .bss.DeviceDataPrv__DEFAULT_RTOS_ALLOC
                0x20000788        0xc ./Generated_Code/TU2.o
 .bss.INT_FTM1__DEFAULT_RTOS_ISRPARAM
                0x20000794        0x4 ./Generated_Code/TU2.o
 .bss.Tx1_buffer
                0x20000798       0x40 ./Generated_Code/Tx1.o
 .bss.Tx1_inIdx
                0x200007d8        0x1 ./Generated_Code/Tx1.o
 .bss.Tx1_outIdx
                0x200007d9        0x1 ./Generated_Code/Tx1.o
 .bss.Tx1_inSize
                0x200007da        0x1 ./Generated_Code/Tx1.o
 *fill*         0x200007db        0x1 
 .bss.g_cdc_class_callback
                0x200007dc        0x4 ./Generated_Code/usb_cdc.o
 .bss.g_vendor_req_callback
                0x200007e0        0x4 ./Generated_Code/usb_cdc.o
 .bss.g_cdc_ep  0x200007e4       0x9c ./Generated_Code/usb_cdc.o
 .bss.g_pstn_callback
                0x20000880        0x4 ./Generated_Code/usb_cdc_pstn.o
 .bss.g_dte_present
                0x20000884        0x1 ./Generated_Code/usb_cdc_pstn.o
 .bss.g_dte_status
                0x20000885        0x1 ./Generated_Code/usb_cdc_pstn.o
 .bss.g_break_duration
                0x20000886        0x2 ./Generated_Code/usb_cdc_pstn.o
 .bss.g_current_interface
                0x20000888        0x1 ./Generated_Code/usb_cdc_pstn.o
 *fill*         0x20000889        0x3 
 .bss.g_uart_bitmap
                0x2000088c        0x4 ./Generated_Code/usb_cdc_pstn.o
 .bss.g_class_callback
                0x20000890        0x4 ./Generated_Code/usb_class.o
 .bss.g_device_state_before_suspend
                0x20000894        0x1 ./Generated_Code/usb_class.o
 *fill*         0x20000895        0x3 
 .bss.g_bdtmap  0x20000898        0x4 ./Generated_Code/usb_dci_kinetis.o
                0x20000898                g_bdtmap
 .bss.g_bdt_elem
                0x2000089c      0x240 ./Generated_Code/usb_dci_kinetis.o
 .bss.g_dci_controller_Id
                0x20000adc        0x1 ./Generated_Code/usb_dci_kinetis.o
 *fill*         0x20000add        0x3 
 .bss.g_bdt_address
                0x20000ae0        0x4 ./Generated_Code/usb_dci_kinetis.o
 .bss.g_abstract_state
                0x20000ae4        0x4 ./Generated_Code/usb_descriptor.o
 .bss.g_country_code
                0x20000ae8        0x4 ./Generated_Code/usb_descriptor.o
 .bss.g_alternate_interface
                0x20000aec        0x4 ./Generated_Code/usb_descriptor.o
 .bss.g_usb_component_status
                0x20000af0        0x8 ./Generated_Code/usb_driver.o
 .bss.g_usb_ep_status
                0x20000af8        0x8 ./Generated_Code/usb_driver.o
 .bss.g_EPn     0x20000b00        0x1 ./Generated_Code/usb_driver.o
 .bss.g_EPn_max
                0x20000b01        0x1 ./Generated_Code/usb_driver.o
 *fill*         0x20000b02        0x2 
 .bss.g_setup_pkt
                0x20000b04        0x8 ./Generated_Code/usb_framework.o
 .bss.g_std_framework_data
                0x20000b0c        0x2 ./Generated_Code/usb_framework.o
 .bss.g_assigned_address
                0x20000b0e        0x1 ./Generated_Code/usb_framework.o
 *fill*         0x20000b0f        0x1 
 .bss.g_framework_callback
                0x20000b10        0x4 ./Generated_Code/usb_framework.o
 .bss.g_other_req_callback
                0x20000b14        0x4 ./Generated_Code/usb_framework.o
 .bss.ext_req_to_host
                0x20000b18       0x28 ./Generated_Code/usb_framework.o
 .bss.__malloc_sbrk_start
                0x20000b40        0x4 /opt/Freescale/KDS_v3/toolchain/bin/../lib/gcc/arm-none-eabi/4.8.4/../../../../arm-none-eabi/lib/armv7e-m/fpu/libg_s.a(lib_a-nano-mallocr.o)
                0x20000b40                __malloc_sbrk_start
 .bss.__malloc_free_list
                0x20000b44        0x4 /opt/Freescale/KDS_v3/toolchain/bin/../lib/gcc/arm-none-eabi/4.8.4/../../../../arm-none-eabi/lib/armv7e-m/fpu/libg_s.a(lib_a-nano-mallocr.o)
                0x20000b44                __malloc_free_list
 .bss.heap_end.4246
                0x20000b48        0x4 /opt/Freescale/KDS_v3/toolchain/bin/../lib/gcc/arm-none-eabi/4.8.4/../../../../arm-none-eabi/lib/armv7e-m/fpu/libnosys.a(sbrk.o)
 *(COMMON)
 COMMON         0x20000b4c        0x1 ./Static_Code/System/CPU_Init.o
                0x20000b4c                SR_reg
 *fill*         0x20000b4d        0x3 
 COMMON         0x20000b50        0x4 ./Sources/Events.o
                0x20000b50                timerCounterControl
 COMMON         0x20000b54      0x154 ./Sources/main.o
                0x20000b54                rxFrame
                0x20000b68                CAN1_DeviceData
                0x20000b6c                piCurrentCtrl
                0x20000bfc                SampleGroup
                0x20000c00                AD1_DeviceData
                0x20000c04                txFrame
                0x20000c18                piVelocityCtrl
 COMMON         0x20000ca8        0x4 ./Generated_Code/ASBluetooth.o
                0x20000ca8                ASerialLdd1_DeviceDataPtr
 COMMON         0x20000cac        0x4 ./Generated_Code/ASDXL.o
                0x20000cac                ASerialLdd2_DeviceDataPtr
 *fill*         0x20000cb0      0x150 
 COMMON         0x20000e00      0x400 ./Generated_Code/usb_dci_kinetis.o
                0x20000e00                g_Mem
 COMMON         0x20001200        0x4 /opt/Freescale/KDS_v3/toolchain/bin/../lib/gcc/arm-none-eabi/4.8.4/../../../../arm-none-eabi/lib/armv7e-m/fpu/libg_s.a(lib_a-reent.o)
                0x20001200                errno
                0x20001204                . = ALIGN (0x4)
                0x20001204                __END_BSS = .
                0x20001204                PROVIDE (__bss_end__, __END_BSS)
                0x0000b610                _romp_at = ((___ROM_AT + SIZEOF (.data)) + SIZEOF (.m_data_1FFF0000))

.romp           0x20001204       0x24 load address 0x0000b610
                0x0000b610                __S_romp = _romp_at
                0x20001204        0x4 LONG 0xb48c ___ROM_AT
                0x20001208        0x4 LONG 0x20000000 _sdata
                0x2000120c        0x4 LONG 0x184 ___data_size
                0x20001210        0x4 LONG 0xb610 ___m_data_1FFF0000_ROMStart
                0x20001214        0x4 LONG 0x1fff0000 ___m_data_1FFF0000_RAMStart
                0x20001218        0x4 LONG 0x0 ___m_data_1FFF0000_ROMSize
                0x2000121c        0x4 LONG 0x0
                0x20001220        0x4 LONG 0x0
                0x20001224        0x4 LONG 0x0
                0x00100000                text_end = (ORIGIN (m_text) + 0xffbf0)
                0x0000b634                data_init_end = ((___m_data_1FFF0000_ROMStart + SIZEOF (.m_data_1FFF0000)) + SIZEOF (.romp))
                0x00000001                ASSERT ((data_init_end <= text_end), region m_text overflowed with text and data)

._user_heap_stack
                0x20001228      0x400 load address 0x0000b634
                0x20001228                . = ALIGN (0x4)
                0x20001228                PROVIDE (end, .)
                0x20001228                PROVIDE (_end, .)
                0x20001228                PROVIDE (__end__, .)
                0x20001228                __heap_addr = .
                0x20001228                __HeapBase = .
                0x20001228                . = (. + __heap_size)
                0x20001228                __HeapLimit = .
                0x20001628                . = (. + __stack_size)
 *fill*         0x20001228      0x400 
                0x20001628                . = ALIGN (0x4)

.ARM.attributes
                0x00000000       0x30
 *(.ARM.attributes)
 .ARM.attributes
                0x00000000       0x22 /opt/Freescale/KDS_v3/toolchain/bin/../lib/gcc/arm-none-eabi/4.8.4/armv7e-m/fpu/crti.o
 .ARM.attributes
                0x00000022       0x34 /opt/Freescale/KDS_v3/toolchain/bin/../lib/gcc/arm-none-eabi/4.8.4/armv7e-m/fpu/crtbegin.o
 .ARM.attributes
                0x00000056       0x20 /opt/Freescale/KDS_v3/toolchain/bin/../lib/gcc/arm-none-eabi/4.8.4/../../../../arm-none-eabi/lib/armv7e-m/fpu/crt0.o
 .ARM.attributes
                0x00000076       0x39 ./Static_Code/System/CPU_Init.o
 .ARM.attributes
                0x000000af       0x39 ./Static_Code/System/Peripherals_Init.o
 .ARM.attributes
                0x000000e8       0x39 ./Static_Code/System/Vectors.o
 .ARM.attributes
                0x00000121       0x39 ./Static_Code/Peripherals/USB0_Init.o
 .ARM.attributes
                0x0000015a       0x39 ./Static_Code/Peripherals/VREF_Init.o
 .ARM.attributes
                0x00000193       0x39 ./Sources/Events.o
 .ARM.attributes
                0x000001cc       0x39 ./Sources/MW-AHRSv1.o
 .ARM.attributes
                0x00000205       0x39 ./Sources/main.o
 .ARM.attributes
                0x0000023e       0x39 ./Sources/pid_control.o
 .ARM.attributes
                0x00000277       0x39 ./Sources/quad_encoder.o
 .ARM.attributes
                0x000002b0       0x39 ./Project_Settings/Startup_Code/startup.o
 .ARM.attributes
                0x000002e9       0x39 ./Generated_Code/AD1.o
 .ARM.attributes
                0x00000322       0x39 ./Generated_Code/ASBluetooth.o
 .ARM.attributes
                0x0000035b       0x39 ./Generated_Code/ASDXL.o
 .ARM.attributes
                0x00000394       0x39 ./Generated_Code/ASerialLdd1.o
 .ARM.attributes
                0x000003cd       0x39 ./Generated_Code/ASerialLdd2.o
 .ARM.attributes
                0x00000406       0x39 ./Generated_Code/BitIoLdd1.o
 .ARM.attributes
                0x0000043f       0x39 ./Generated_Code/BitIoLdd2.o
 .ARM.attributes
                0x00000478       0x39 ./Generated_Code/BitIoLdd3.o
 .ARM.attributes
                0x000004b1       0x39 ./Generated_Code/BitIoLdd4.o
 .ARM.attributes
                0x000004ea       0x39 ./Generated_Code/BitIoLdd5.o
 .ARM.attributes
                0x00000523       0x39 ./Generated_Code/BitIoLdd6.o
 .ARM.attributes
                0x0000055c       0x39 ./Generated_Code/BitIoLdd7.o
 .ARM.attributes
                0x00000595       0x39 ./Generated_Code/BitIoLdd8.o
 .ARM.attributes
                0x000005ce       0x39 ./Generated_Code/BitIoLdd9.o
 .ARM.attributes
                0x00000607       0x39 ./Generated_Code/CAN1.o
 .ARM.attributes
                0x00000640       0x39 ./Generated_Code/CDC1.o
 .ARM.attributes
                0x00000679       0x39 ./Generated_Code/Cpu.o
 .ARM.attributes
                0x000006b2       0x39 ./Generated_Code/EInt_M1A.o
 .ARM.attributes
                0x000006eb       0x39 ./Generated_Code/EInt_M1B.o
 .ARM.attributes
                0x00000724       0x39 ./Generated_Code/EInt_M2A.o
 .ARM.attributes
                0x0000075d       0x39 ./Generated_Code/EInt_M2B.o
 .ARM.attributes
                0x00000796       0x39 ./Generated_Code/EInt_M3A.o
 .ARM.attributes
                0x000007cf       0x39 ./Generated_Code/EInt_M3B.o
 .ARM.attributes
                0x00000808       0x39 ./Generated_Code/IO1.o
 .ARM.attributes
                0x00000841       0x39 ./Generated_Code/PE_LDD.o
 .ARM.attributes
                0x0000087a       0x39 ./Generated_Code/PwmLdd1.o
 .ARM.attributes
                0x000008b3       0x39 ./Generated_Code/PwmLdd2.o
 .ARM.attributes
                0x000008ec       0x39 ./Generated_Code/PwmLdd3.o
 .ARM.attributes
                0x00000925       0x39 ./Generated_Code/Rx1.o
 .ARM.attributes
                0x0000095e       0x39 ./Generated_Code/TIMotorCtrl.o
 .ARM.attributes
                0x00000997       0x39 ./Generated_Code/TMOUT1.o
 .ARM.attributes
                0x000009d0       0x39 ./Generated_Code/TU1.o
 .ARM.attributes
                0x00000a09       0x39 ./Generated_Code/TU2.o
 .ARM.attributes
                0x00000a42       0x39 ./Generated_Code/Tx1.o
 .ARM.attributes
                0x00000a7b       0x39 ./Generated_Code/USB1.o
 .ARM.attributes
                0x00000ab4       0x39 ./Generated_Code/WAIT1.o
 .ARM.attributes
                0x00000aed       0x39 ./Generated_Code/usb_cdc.o
 .ARM.attributes
                0x00000b26       0x39 ./Generated_Code/usb_cdc_pstn.o
 .ARM.attributes
                0x00000b5f       0x39 ./Generated_Code/usb_class.o
 .ARM.attributes
                0x00000b98       0x39 ./Generated_Code/usb_dci_kinetis.o
 .ARM.attributes
                0x00000bd1       0x39 ./Generated_Code/usb_descriptor.o
 .ARM.attributes
                0x00000c0a       0x39 ./Generated_Code/usb_driver.o
 .ARM.attributes
                0x00000c43       0x39 ./Generated_Code/usb_framework.o
 .ARM.attributes
                0x00000c7c       0x39 ./Generated_Code/wdt_kinetis.o
 .ARM.attributes
                0x00000cb5       0x22 /opt/Freescale/KDS_v3/toolchain/bin/../lib/gcc/arm-none-eabi/4.8.4/armv7e-m/fpu/libgcc.a(_arm_addsubdf3.o)
 .ARM.attributes
                0x00000cd7       0x22 /opt/Freescale/KDS_v3/toolchain/bin/../lib/gcc/arm-none-eabi/4.8.4/armv7e-m/fpu/libgcc.a(_arm_muldivdf3.o)
 .ARM.attributes
                0x00000cf9       0x22 /opt/Freescale/KDS_v3/toolchain/bin/../lib/gcc/arm-none-eabi/4.8.4/armv7e-m/fpu/libgcc.a(_arm_cmpdf2.o)
 .ARM.attributes
                0x00000d1b       0x22 /opt/Freescale/KDS_v3/toolchain/bin/../lib/gcc/arm-none-eabi/4.8.4/armv7e-m/fpu/libgcc.a(_arm_fixdfsi.o)
 .ARM.attributes
                0x00000d3d       0x22 /opt/Freescale/KDS_v3/toolchain/bin/../lib/gcc/arm-none-eabi/4.8.4/armv7e-m/fpu/libgcc.a(_arm_fixunsdfsi.o)
 .ARM.attributes
                0x00000d5f       0x22 /opt/Freescale/KDS_v3/toolchain/bin/../lib/gcc/arm-none-eabi/4.8.4/armv7e-m/fpu/libgcc.a(_arm_truncdfsf2.o)
 .ARM.attributes
                0x00000d81       0x34 /opt/Freescale/KDS_v3/toolchain/bin/../lib/gcc/arm-none-eabi/4.8.4/../../../../arm-none-eabi/lib/armv7e-m/fpu/libg_s.a(lib_a-atof.o)
 .ARM.attributes
                0x00000db5       0x34 /opt/Freescale/KDS_v3/toolchain/bin/../lib/gcc/arm-none-eabi/4.8.4/../../../../arm-none-eabi/lib/armv7e-m/fpu/libg_s.a(lib_a-exit.o)
 .ARM.attributes
                0x00000de9       0x34 /opt/Freescale/KDS_v3/toolchain/bin/../lib/gcc/arm-none-eabi/4.8.4/../../../../arm-none-eabi/lib/armv7e-m/fpu/libg_s.a(lib_a-impure.o)
 .ARM.attributes
                0x00000e1d       0x34 /opt/Freescale/KDS_v3/toolchain/bin/../lib/gcc/arm-none-eabi/4.8.4/../../../../arm-none-eabi/lib/armv7e-m/fpu/libg_s.a(lib_a-init.o)
 .ARM.attributes
                0x00000e51       0x34 /opt/Freescale/KDS_v3/toolchain/bin/../lib/gcc/arm-none-eabi/4.8.4/../../../../arm-none-eabi/lib/armv7e-m/fpu/libg_s.a(lib_a-memcpy-stub.o)
 .ARM.attributes
                0x00000e85       0x34 /opt/Freescale/KDS_v3/toolchain/bin/../lib/gcc/arm-none-eabi/4.8.4/../../../../arm-none-eabi/lib/armv7e-m/fpu/libg_s.a(lib_a-memset.o)
 .ARM.attributes
                0x00000eb9       0x34 /opt/Freescale/KDS_v3/toolchain/bin/../lib/gcc/arm-none-eabi/4.8.4/../../../../arm-none-eabi/lib/armv7e-m/fpu/libg_s.a(lib_a-strtod.o)
 .ARM.attributes
                0x00000eed       0x34 /opt/Freescale/KDS_v3/toolchain/bin/../lib/gcc/arm-none-eabi/4.8.4/../../../../arm-none-eabi/lib/armv7e-m/fpu/libg_s.a(lib_a-strtok.o)
 .ARM.attributes
                0x00000f21       0x34 /opt/Freescale/KDS_v3/toolchain/bin/../lib/gcc/arm-none-eabi/4.8.4/../../../../arm-none-eabi/lib/armv7e-m/fpu/libg_s.a(lib_a-strtok_r.o)
 .ARM.attributes
                0x00000f55       0x34 /opt/Freescale/KDS_v3/toolchain/bin/../lib/gcc/arm-none-eabi/4.8.4/../../../../arm-none-eabi/lib/armv7e-m/fpu/libg_s.a(lib_a-gdtoa-gethex.o)
 .ARM.attributes
                0x00000f89       0x34 /opt/Freescale/KDS_v3/toolchain/bin/../lib/gcc/arm-none-eabi/4.8.4/../../../../arm-none-eabi/lib/armv7e-m/fpu/libg_s.a(lib_a-gdtoa-hexnan.o)
 .ARM.attributes
                0x00000fbd       0x34 /opt/Freescale/KDS_v3/toolchain/bin/../lib/gcc/arm-none-eabi/4.8.4/../../../../arm-none-eabi/lib/armv7e-m/fpu/libg_s.a(lib_a-locale.o)
 .ARM.attributes
                0x00000ff1       0x34 /opt/Freescale/KDS_v3/toolchain/bin/../lib/gcc/arm-none-eabi/4.8.4/../../../../arm-none-eabi/lib/armv7e-m/fpu/libg_s.a(lib_a-malloc.o)
 .ARM.attributes
                0x00001025       0x34 /opt/Freescale/KDS_v3/toolchain/bin/../lib/gcc/arm-none-eabi/4.8.4/../../../../arm-none-eabi/lib/armv7e-m/fpu/libg_s.a(lib_a-mprec.o)
 .ARM.attributes
                0x00001059       0x34 /opt/Freescale/KDS_v3/toolchain/bin/../lib/gcc/arm-none-eabi/4.8.4/../../../../arm-none-eabi/lib/armv7e-m/fpu/libg_s.a(lib_a-nano-callocr.o)
 .ARM.attributes
                0x0000108d       0x34 /opt/Freescale/KDS_v3/toolchain/bin/../lib/gcc/arm-none-eabi/4.8.4/../../../../arm-none-eabi/lib/armv7e-m/fpu/libg_s.a(lib_a-nano-mallocr.o)
 .ARM.attributes
                0x000010c1       0x34 /opt/Freescale/KDS_v3/toolchain/bin/../lib/gcc/arm-none-eabi/4.8.4/../../../../arm-none-eabi/lib/armv7e-m/fpu/libg_s.a(lib_a-sbrkr.o)
 .ARM.attributes
                0x000010f5       0x34 /opt/Freescale/KDS_v3/toolchain/bin/../lib/gcc/arm-none-eabi/4.8.4/../../../../arm-none-eabi/lib/armv7e-m/fpu/libg_s.a(lib_a-strlen.o)
 .ARM.attributes
                0x00001129       0x34 /opt/Freescale/KDS_v3/toolchain/bin/../lib/gcc/arm-none-eabi/4.8.4/../../../../arm-none-eabi/lib/armv7e-m/fpu/libg_s.a(lib_a-strncmp.o)
 .ARM.attributes
                0x0000115d       0x34 /opt/Freescale/KDS_v3/toolchain/bin/../lib/gcc/arm-none-eabi/4.8.4/../../../../arm-none-eabi/lib/armv7e-m/fpu/libg_s.a(lib_a-reent.o)
 .ARM.attributes
                0x00001191       0x34 /opt/Freescale/KDS_v3/toolchain/bin/../lib/gcc/arm-none-eabi/4.8.4/../../../../arm-none-eabi/lib/armv7e-m/fpu/libnosys.a(sbrk.o)
 .ARM.attributes
                0x000011c5       0x34 /opt/Freescale/KDS_v3/toolchain/bin/../lib/gcc/arm-none-eabi/4.8.4/../../../../arm-none-eabi/lib/armv7e-m/fpu/libnosys.a(_exit.o)
 .ARM.attributes
                0x000011f9       0x22 /opt/Freescale/KDS_v3/toolchain/bin/../lib/gcc/arm-none-eabi/4.8.4/armv7e-m/fpu/crtn.o
OUTPUT(jack-spherobot.elf elf32-littlearm)

.debug_info     0x00000000    0x12b71
 .debug_info    0x00000000      0xb3c ./Static_Code/System/CPU_Init.o
 .debug_info    0x00000b3c       0x92 ./Static_Code/System/Peripherals_Init.o
 .debug_info    0x00000bce      0x826 ./Static_Code/System/Vectors.o
 .debug_info    0x000013f4      0x4a9 ./Static_Code/Peripherals/USB0_Init.o
 .debug_info    0x0000189d       0xe6 ./Static_Code/Peripherals/VREF_Init.o
 .debug_info    0x00001983      0x736 ./Sources/Events.o
 .debug_info    0x000020b9      0x33b ./Sources/MW-AHRSv1.o
 .debug_info    0x000023f4      0x899 ./Sources/main.o
 .debug_info    0x00002c8d      0x1d1 ./Sources/pid_control.o
 .debug_info    0x00002e5e      0x156 ./Sources/quad_encoder.o
 .debug_info    0x00002fb4      0x3b0 ./Project_Settings/Startup_Code/startup.o
 .debug_info    0x00003364      0x8e5 ./Generated_Code/AD1.o
 .debug_info    0x00003c49      0x221 ./Generated_Code/ASBluetooth.o
 .debug_info    0x00003e6a      0x505 ./Generated_Code/ASDXL.o
 .debug_info    0x0000436f      0x89e ./Generated_Code/ASerialLdd1.o
 .debug_info    0x00004c0d      0x9dd ./Generated_Code/ASerialLdd2.o
 .debug_info    0x000055ea      0x548 ./Generated_Code/BitIoLdd1.o
 .debug_info    0x00005b32      0x548 ./Generated_Code/BitIoLdd2.o
 .debug_info    0x0000607a      0x548 ./Generated_Code/BitIoLdd3.o
 .debug_info    0x000065c2      0x548 ./Generated_Code/BitIoLdd4.o